 mp

 Timestamp is 59fd4d3c (Sat Nov  4 13:16:44 2017)

 Preferred load address is 10000000

 Start         Length     Name                   Class
 0001:00000000 00000070H .text$di                CODE
 0001:00000070 00092900H .text$mn                CODE
 0001:00092970 00000140H .text$x                 CODE
 0001:00092ab0 0000003bH .text$yd                CODE
 0002:00000000 00000118H .idata$5                DATA
 0002:00000118 00000004H .00cfg                  DATA
 0002:0000011c 00000004H .CRT$XCA                DATA
 0002:00000120 00000010H .CRT$XCU                DATA
 0002:00000130 00000004H .CRT$XCZ                DATA
 0002:00000134 00000004H .CRT$XIA                DATA
 0002:00000138 0000000cH .CRT$XIC                DATA
 0002:00000144 00000004H .CRT$XIZ                DATA
 0002:00000148 00000004H .CRT$XPA                DATA
 0002:0000014c 00000008H .CRT$XPX                DATA
 0002:00000154 00000004H .CRT$XPXA               DATA
 0002:00000158 00000004H .CRT$XPZ                DATA
 0002:0000015c 00000004H .CRT$XTA                DATA
 0002:00000160 00000010H .CRT$XTZ                DATA
 0002:00000164 00000000H .gfids$x                DATA
 0002:00000164 00000000H .gfids$y                DATA
 0002:00000170 00025d20H .rdata                  DATA
 0002:00025e90 00004520H .rdata$r                DATA
 0002:0002a3b0 0000003cH .rdata$sxdata           DATA
 0002:0002a3ec 00000334H .rdata$zzzdbg           DATA
 0002:0002a720 00000004H .rtc$IAA                DATA
 0002:0002a724 00000004H .rtc$IZZ                DATA
 0002:0002a728 00000004H .rtc$TAA                DATA
 0002:0002a72c 00000004H .rtc$TZZ                DATA
 0002:0002a730 00000700H .xdata$x                DATA
 0002:0002ae30 0000304cH .edata                  DATA
 0002:0002de7c 00000014H .idata$2                DATA
 0002:0002de90 00000014H .idata$3                DATA
 0002:0002dea4 00000118H .idata$4                DATA
 0002:0002dfbc 00000514H .idata$6                DATA
 0003:00000000 00005e40H .data                   DATA
 0003:00005e40 00001700H .data$r                 DATA
 0003:00007540 00044910H .bss                    DATA
 0004:00000000 00000060H .rsrc$01                DATA
 0004:00000060 00000180H .rsrc$02                DATA

  Address         Publics by Value              Rva+Base       Lib:Object

 0000:00000000       ___hybrid_auxiliary_iat    00000000     <absolute>
 0000:00000000       ___guard_iat_table         00000000     <absolute>
 0000:00000000       ___guard_longjmp_table     00000000     <absolute>
 0000:00000000       ___hybrid_code_map         00000000     <absolute>
 0000:00000000       ___guard_fids_table        00000000     <absolute>
 0000:00000000       ___guard_longjmp_count     00000000     <absolute>
 0000:00000000       ___hybrid_code_map_count   00000000     <absolute>
 0000:00000000       ___guard_iat_count         00000000     <absolute>
 0000:00000000       ___enclave_config          00000000     <absolute>
 0000:00000000       ___dynamic_value_reloc_table 00000000     <absolute>
 0000:00000000       __except_list              00000000     <absolute>
 0000:00000000       ___guard_fids_count        00000000     <absolute>
 0000:0000000f       ___safe_se_handler_count   0000000f     <absolute>
 0000:00000100       ___guard_flags             00000100     <absolute>
 0000:00000000       ___ImageBase               10000000     <linker-defined>
 0001:00000070       ??0CVoiceGameMgr@@QAE@XZ   10001070 f   voice_gamemgr.obj
 0001:00000090       ??1CVoiceGameMgr@@UAE@XZ   10001090 f   voice_gamemgr.obj
 0001:000000a0       ??4CBitVecAccessor@@QAEXH@Z 100010a0 f i voice_gamemgr.obj
 0001:000000f0       ??_GCVoiceGameMgr@@UAEPAXI@Z 100010f0 f i voice_gamemgr.obj
 0001:000000f0       ??_ECVoiceGameMgr@@UAEPAXI@Z 100010f0 f i voice_gamemgr.obj
 0001:00000120       ?ClientCommand@CVoiceGameMgr@@QAE_NPAVCBasePlayer@@PBD@Z 10001120 f   voice_gamemgr.obj
 0001:000002c0       ?ClientConnected@CVoiceGameMgr@@QAEXPAUedict_s@@@Z 100012c0 f   voice_gamemgr.obj
 0001:00000350       ?Init@CVoiceGameMgr@@QAE_NPAVIVoiceGameMgrHelper@@H@Z 10001350 f   voice_gamemgr.obj
 0001:000003e0       ?PlayerHasBlockedPlayer@CVoiceGameMgr@@QAE_NPAVCBasePlayer@@0@Z 100013e0 f   voice_gamemgr.obj
 0001:00000470       ?SUB_CallUseToggle@CBaseEntity@@QAEXXZ 10001470 f i voice_gamemgr.obj
 0001:00000490       ?Update@CVoiceGameMgr@@QAEXN@Z 10001490 f   voice_gamemgr.obj
 0001:000004c0       ?UpdateMasks@CVoiceGameMgr@@AAEXXZ 100014c0 f   voice_gamemgr.obj
 0001:00000760       ___local_stdio_printf_options 10001760 f i voice_gamemgr.obj
 0001:00000770       ___local_stdio_scanf_options 10001770 f i voice_gamemgr.obj
 0001:00000780       _sscanf                    10001780 f i voice_gamemgr.obj
 0001:000007b0       _AngleMatrix               100017b0 f   pm_math.obj
 0001:00000940       _AngleVectors              10001940 f   pm_math.obj
 0001:00000ae0       _CrossProduct              10001ae0 f   pm_math.obj
 0001:00000b40       _Length                    10001b40 f   pm_math.obj
 0001:00000b90       _VectorCompare             10001b90 f   pm_math.obj
 0001:00000bd0       _VectorMA                  10001bd0 f   pm_math.obj
 0001:00000c20       _VectorNormalize           10001c20 f   pm_math.obj
 0001:00000cd0       _VectorScale               10001cd0 f   pm_math.obj
 0001:00000d10       _PM_Accelerate             10001d10 f   pm_shared.obj
 0001:00000dd0       _PM_AddCorrectGravity      10001dd0 f   pm_shared.obj
 0001:00000e70       _PM_AddGravity             10001e70 f   pm_shared.obj
 0001:00000ee0       _PM_AddToTouched           10001ee0 f   pm_shared.obj
 0001:00000fb0       _PM_AirAccelerate          10001fb0 f   pm_shared.obj
 0001:00001070       _PM_AirMove                10002070 f   pm_shared.obj
 0001:000011e0       _PM_CalcRoll               100021e0 f   pm_shared.obj
 0001:00001290       _PM_CatagorizePosition     10002290 f   pm_shared.obj
 0001:000013f0       _PM_CatagorizeTextureType  100023f0 f   pm_shared.obj
 0001:000014e0       _PM_CheckFalling           100024e0 f   pm_shared.obj
 0001:00001610       _PM_CheckParamters         10002610 f   pm_shared.obj
 0001:00001850       _PM_CheckStuck             10002850 f   pm_shared.obj
 0001:00001be0       _PM_CheckVelocity          10002be0 f   pm_shared.obj
 0001:00001cf0       _PM_CheckWater             10002cf0 f   pm_shared.obj
 0001:00001f00       _PM_CheckWaterJump         10002f00 f   pm_shared.obj
 0001:000021c0       _PM_ClipVelocity           100031c0 f   pm_shared.obj
 0001:000022b0       _PM_CreateStuckTable       100032b0 f   pm_shared.obj
 0001:00002520       _PM_DropPunchAngle         10003520 f   pm_shared.obj
 0001:000025a0       _PM_Duck                   100035a0 f   pm_shared.obj
 0001:000027d0       _PM_FindTextureType        100037d0 f   pm_shared.obj
 0001:00002830       _PM_FixPlayerCrouchStuck   10003830 f   pm_shared.obj
 0001:000028f0       _PM_FixupGravityVelocity   100038f0 f   pm_shared.obj
 0001:00002960       _PM_FlyMove                10003960 f   pm_shared.obj
 0001:00002f30       _PM_Friction               10003f30 f   pm_shared.obj
 0001:00003110       _PM_GetRandomStuckOffsets  10004110 f   pm_shared.obj
 0001:00003170       _PM_InWater                10004170 f   pm_shared.obj
 0001:00003190       _PM_Init                   10004190 f   pm_shared.obj
 0001:000031c0       _PM_InitTextureTypes       100041c0 f   pm_shared.obj
 0001:00003420       _PM_Jump                   10004420 f   pm_shared.obj
 0001:000036d0       _PM_Ladder                 100046d0 f   pm_shared.obj
 0001:000037b0       _PM_LadderMove             100047b0 f   pm_shared.obj
 0001:00003b70       _PM_MapTextureTypeStepType 10004b70 f   pm_shared.obj
 0001:00003c00       _PM_Move                   10004c00 f   pm_shared.obj
 0001:00003c60       _PM_NoClip                 10004c60 f   pm_shared.obj
 0001:00003d60       _PM_Physics_Toss           10004d60 f   pm_shared.obj
 0001:00004110       _PM_PlayStepSound          10005110 f   pm_shared.obj
 0001:00004ab0       _PM_PlayWaterSounds        10005ab0 f   pm_shared.obj
 0001:00004bc0       _PM_PlayerMove             10005bc0 f   pm_shared.obj
 0001:00005010       _PM_PreventMegaBunnyJumping 10006010 f   pm_shared.obj
 0001:00005090       _PM_PushEntity             10006090 f   pm_shared.obj
 0001:00005190       _PM_ReduceTimers           10006190 f   pm_shared.obj
 0001:00005280       _PM_ResetStuckOffsets      10006280 f   pm_shared.obj
 0001:000052a0       _PM_SortTextures           100062a0 f   pm_shared.obj
 0001:00005310       _PM_SpectatorMove          10006310 f   pm_shared.obj
 0001:00005670       _PM_SplineFraction         10006670 f   pm_shared.obj
 0001:000056b0       _PM_SwapTextures           100066b0 f   pm_shared.obj
 0001:00005740       _PM_UnDuck                 10006740 f   pm_shared.obj
 0001:000058f0       _PM_UpdateStepSound        100068f0 f   pm_shared.obj
 0001:00005b90       _PM_WalkMove               10006b90 f   pm_shared.obj
 0001:000061f0       _PM_WaterJump              100071f0 f   pm_shared.obj
 0001:00006290       _PM_WaterMove              10007290 f   pm_shared.obj
 0001:00006650       ??$GetClassPtr@VCAirtank@@@@YAPAVCAirtank@@PAV0@@Z 10007650 f i airtank.obj
 0001:000067d0       ?Precache@CItemSoda@@UAEXXZ 100077d0 f i effects.obj
 0001:000067d0       @_guard_check_icall_nop@4  100077d0 f i LIBCMT:guard_support.obj
 0001:000067d0       ?ItemPreFrame@CBasePlayerItem@@UAEXXZ 100077d0 f i h_cycler.obj
 0001:000067d0       ?ReportAIState@CBaseMonster@@UAEXXZ 100077d0 f i mpstubb.obj
 0001:000067d0       ?DecalGunshot@@YAXPAUTraceResult@@H_NPAUentvars_s@@1@Z 100077d0 f i weapons.obj
 0001:000067d0       ?Sys_Error@@YAXPBD@Z       100077d0 f i client.obj
 0001:000067d0       ?ResetMaxSpeed@CBaseMonster@@UAEXXZ 100077d0 f i airtank.obj
 0001:000067d0       ?Precache@CSoundEnt@@UAEXXZ 100077d0 f i soundent.obj
 0001:000067d0       ?Activate@CBaseEntity@@UAEXXZ 100077d0 f i airtank.obj
 0001:000067d0       ?Reload@CBasePlayerWeapon@@UAEXXZ 100077d0 f i h_cycler.obj
 0001:000067d0       ?UpdateOwner@CBaseEntity@@UAEXXZ 100077d0 f i airtank.obj
 0001:000067d0       ?SUB_DoNothing@CBaseEntity@@QAEXXZ 100077d0 f i subs.obj
 0001:000067d0       ?StartSneaking@CBaseEntity@@UAEXXZ 100077d0 f i airtank.obj
 0001:000067d0       ?SpectatorDisconnect@CBaseSpectator@@QAEXXZ 100077d0 f i spectator.obj
 0001:000067d0       ?SecondaryAttack@CBasePlayerWeapon@@UAEXXZ 100077d0 f i h_cycler.obj
 0001:000067d0       ?UTIL_DrawBeamPoints@@YAXVVector@@0HEEE@Z 100077d0 f i hostage.obj
 0001:000067d0       ?Spawn@CTriggerRelay@@UAEXXZ 100077d0 f i triggers.obj
 0001:000067d0       ?Spawn@CPathCorner@@UAEXXZ 100077d0 f i pathcorner.obj
 0001:000067d0       ?OverrideReset@CBaseEntity@@UAEXXZ 100077d0 f i airtank.obj
 0001:000067d0       ?Restart@CBaseEntity@@UAEXXZ 100077d0 f i airtank.obj
 0001:000067d0       ?PainSound@CBaseMonster@@UAEXXZ 100077d0 f i airtank.obj
 0001:000067d0       ?SmartRadio@CBasePlayer@@QAEXXZ 100077d0 f i player.obj
 0001:000067d0       ?WeaponIdle@CBasePlayerWeapon@@UAEXXZ 100077d0 f i h_cycler.obj
 0001:000067d0       ?Spawn@CBaseEntity@@UAEXXZ 100077d0 f i airtank.obj
 0001:000067d0       ?ParmsNewLevel@@YAXXZ      100077d0 f i client.obj
 0001:000067d0       ?SendHostageIcons@CBasePlayer@@QAEXXZ 100077d0 f i player.obj
 0001:000067d0       ?ServerDeactivate@CHalfLifeMultiplay@@UAEXXZ 100077d0 f i multiplay_gamerules.obj
 0001:000067d0       ?CheckMapConditions@CHalfLifeTraining@@UAEXXZ 100077d0 f i training_gamerules.obj
 0001:000067d0       ?CreateInstancedBaselines@@YAXXZ 100077d0 f i client.obj
 0001:000067d0       ?Spawn@CTriggerChangeTarget@@UAEXXZ 100077d0 f i triggers.obj
 0001:000067d0       ?UpdateItemInfo@CBasePlayerWeapon@@UAEXXZ 100077d0 f i h_cycler.obj
 0001:000067d0       ?InitGraph@CGraph@@QAEXXZ  100077d0 f i mpstubb.obj
 0001:000067d0       ?StopSneaking@CBaseEntity@@UAEXXZ 100077d0 f i airtank.obj
 0001:000067d0       ?Precache@CBaseEntity@@UAEXXZ 100077d0 f i airtank.obj
 0001:000067e0       ?FLoadGraph@CGraph@@QAEHPAD@Z 100077e0 f i mpstubb.obj
 0001:000067e0       ?CheckNODFile@CGraph@@QAEHPAD@Z 100077e0 f i mpstubb.obj
 0001:000067e0       ?OnControls@CBaseEntity@@UAEHPAUentvars_s@@@Z 100077e0 f i airtank.obj
 0001:000067e0       ?AddPlayerItem@CBaseEntity@@UAEHPAVCBasePlayerItem@@@Z 100077e0 f i airtank.obj
 0001:000067e0       ?GetItemInfo@CWeaponCycler@@UAEHPAUItemInfo@@@Z 100077e0 f i h_cycler.obj
 0001:000067e0       ?RemovePlayerItem@CBaseEntity@@UAEHPAVCBasePlayerItem@@@Z 100077e0 f i airtank.obj
 0001:000067f0       ?PlayerGotWeapon@CHalfLifeMultiplay@@UAEXPAVCBasePlayer@@PAVCBasePlayerItem@@@Z 100077f0 f i multiplay_gamerules.obj
 0001:000067f0       ?AddPoints@CBaseEntity@@UAEXHH@Z 100077f0 f i airtank.obj
 0001:000067f0       ?AddPointsToTeam@CBaseEntity@@UAEXHH@Z 100077f0 f i airtank.obj
 0001:000067f0       ?PlayerGotItem@CHalfLifeMultiplay@@UAEXPAVCBasePlayer@@PAVCItem@@@Z 100077f0 f i multiplay_gamerules.obj
 0001:00006800       ?Blocked@CBaseEntity@@UAEXPAV1@@Z 10007800 f i airtank.obj
 0001:00006820       ?BloodColor@CBaseMonster@@UAEHXZ 10007820 f i airtank.obj
 0001:00006830       ?BloodColor@CHostage@@UAEHXZ 10007830 f i hostage.obj
 0001:00006830       ?BloodColor@CBaseEntity@@UAEHXZ 10007830 f i airtank.obj
 0001:00006830       ?SecondaryAmmoIndex@CBasePlayerWeapon@@UAEHXZ 10007830 f i weapons.obj
 0001:00006830       ?BloodColor@CGrenade@@UAEHXZ 10007830 f i airtank.obj
 0001:00006830       ?BloodColor@CGunTarget@@UAEHXZ 10007830 f i plats.obj
 0001:00006840       ?BodyTarget@CBaseEntity@@UAE?AVVector@@ABV2@@Z 10007840 f i airtank.obj
 0001:00006860       ?Center@CBaseEntity@@UAE?AVVector@@XZ 10007860 f i airtank.obj
 0001:000068c0       ?EarPosition@CBaseEntity@@UAE?AVVector@@XZ 100078c0 f i airtank.obj
 0001:000068c0       ?GetGunPosition@CBasePlayer@@UAE?AVVector@@XZ 100078c0 f i player.obj
 0001:000068c0       ?EyePosition@CBaseEntity@@UAE?AVVector@@XZ 100078c0 f i airtank.obj
 0001:00006910       ?GetDelay@CBaseToggle@@UAEMXZ 10007910 f i airtank.obj
 0001:00006920       ?GetToggleState@CBaseToggle@@UAEHXZ 10007920 f i airtank.obj
 0001:00006930       ?GiveAmmo@CBaseEntity@@UAEHHPADH@Z 10007930 f i airtank.obj
 0001:00006940       ?HasTarget@CBaseEntity@@UAEHH@Z 10007940 f i airtank.obj
 0001:000069a0       ?Illumination@CBaseEntity@@UAEHXZ 100079a0 f i airtank.obj
 0001:000069c0       ?IsAlive@CBaseEntity@@UAEHXZ 100079c0 f i airtank.obj
 0001:000069c0       ?IsAlive@CBasePlayer@@UAEHXZ 100079c0 f i client.obj
 0001:000069f0       ?IsAlive@CBaseMonster@@UAEHXZ 100079f0 f i airtank.obj
 0001:00006a00       ?IsBSPModel@CBaseEntity@@UAEHXZ 10007a00 f i airtank.obj
 0001:00006a20       ?IsMoving@CBaseEntity@@UAEHXZ 10007a20 f i airtank.obj
 0001:00006a70       ?KeyValue@CBaseEntity@@UAEXPAUKeyValueData_s@@@Z 10007a70 f i airtank.obj
 0001:00006a90       ?Killed@CAirtank@@UAEXPAUentvars_s@@H@Z 10007a90 f   airtank.obj
 0001:00006b00       ?ObjectCaps@CGrenade@@UAEHXZ 10007b00 f i airtank.obj
 0001:00006b20       ?Precache@CAirtank@@UAEXXZ 10007b20 f   airtank.obj
 0001:00006b40       ?ReflectGauss@CBaseEntity@@UAEHXZ 10007b40 f i airtank.obj
 0001:00006b80       ?Restore@CAirtank@@UAEHAAVCRestore@@@Z 10007b80 f   airtank.obj
 0001:00006bc0       ?Save@CAirtank@@UAEHAAVCSave@@@Z 10007bc0 f   airtank.obj
 0001:00006c00       ?Spawn@CAirtank@@UAEXXZ    10007c00 f   airtank.obj
 0001:00006ce0       ?TankThink@CAirtank@@QAEXXZ 10007ce0 f   airtank.obj
 0001:00006d00       ?TankTouch@CAirtank@@QAEXPAVCBaseEntity@@@Z 10007d00 f   airtank.obj
 0001:00006dd0       ?TeamID@CBaseEntity@@UAEPBDXZ 10007dd0 f i airtank.obj
 0001:00006de0       ?Think@CBaseEntity@@UAEXXZ 10007de0 f i airtank.obj
 0001:00006df0       ?Touch@CBaseEntity@@UAEXPAV1@@Z 10007df0 f i airtank.obj
 0001:00006e10       ?Use@CBaseEntity@@UAEXPAV1@0W4USE_TYPE@@M@Z 10007e10 f i airtank.obj
 0001:00006e40       _item_airtank              10007e40 f   airtank.obj
 0001:00006e50       ??$GetClassPtr@VC338MagnumAmmo@@@@YAPAVC338MagnumAmmo@@PAV0@@Z 10007e50 f i ammo.obj
 0001:00006eb0       ??$GetClassPtr@VC357SIGAmmo@@@@YAPAVC357SIGAmmo@@PAV0@@Z 10007eb0 f i ammo.obj
 0001:00006f10       ??$GetClassPtr@VC45ACPAmmo@@@@YAPAVC45ACPAmmo@@PAV0@@Z 10007f10 f i ammo.obj
 0001:00006f70       ??$GetClassPtr@VC50AEAmmo@@@@YAPAVC50AEAmmo@@PAV0@@Z 10007f70 f i ammo.obj
 0001:00006fd0       ??$GetClassPtr@VC556NatoAmmo@@@@YAPAVC556NatoAmmo@@PAV0@@Z 10007fd0 f i ammo.obj
 0001:00007030       ??$GetClassPtr@VC556NatoBox@@@@YAPAVC556NatoBox@@PAV0@@Z 10008030 f i ammo.obj
 0001:00007090       ??$GetClassPtr@VC57MMAmmo@@@@YAPAVC57MMAmmo@@PAV0@@Z 10008090 f i ammo.obj
 0001:000070f0       ??$GetClassPtr@VC762NatoAmmo@@@@YAPAVC762NatoAmmo@@PAV0@@Z 100080f0 f i ammo.obj
 0001:00007150       ??$GetClassPtr@VC9MMAmmo@@@@YAPAVC9MMAmmo@@PAV0@@Z 10008150 f i ammo.obj
 0001:000071b0       ??$GetClassPtr@VCBuckShotAmmo@@@@YAPAVCBuckShotAmmo@@PAV0@@Z 100081b0 f i ammo.obj
 0001:00007210       ?AddAmmo@C338MagnumAmmo@@UAEHPAVCBaseEntity@@@Z 10008210 f   ammo.obj
 0001:00007270       ?AddAmmo@C357SIGAmmo@@UAEHPAVCBaseEntity@@@Z 10008270 f   ammo.obj
 0001:000072d0       ?AddAmmo@C45ACPAmmo@@UAEHPAVCBaseEntity@@@Z 100082d0 f   ammo.obj
 0001:00007330       ?AddAmmo@C50AEAmmo@@UAEHPAVCBaseEntity@@@Z 10008330 f   ammo.obj
 0001:00007390       ?AddAmmo@C556NatoAmmo@@UAEHPAVCBaseEntity@@@Z 10008390 f   ammo.obj
 0001:000073f0       ?AddAmmo@C556NatoBox@@UAEHPAVCBaseEntity@@@Z 100083f0 f   ammo.obj
 0001:00007450       ?AddAmmo@C57MMAmmo@@UAEHPAVCBaseEntity@@@Z 10008450 f   ammo.obj
 0001:000074b0       ?AddAmmo@C762NatoAmmo@@UAEHPAVCBaseEntity@@@Z 100084b0 f   ammo.obj
 0001:00007510       ?AddAmmo@C9MMAmmo@@UAEHPAVCBaseEntity@@@Z 10008510 f   ammo.obj
 0001:00007570       ?AddAmmo@CBuckShotAmmo@@UAEHPAVCBaseEntity@@@Z 10008570 f   ammo.obj
 0001:000075d0       ?Precache@C556NatoAmmo@@UAEXXZ 100085d0 f   ammo.obj
 0001:000075d0       ?Precache@C338MagnumAmmo@@UAEXXZ 100085d0 f   ammo.obj
 0001:000075d0       ?Precache@C556NatoBox@@UAEXXZ 100085d0 f   ammo.obj
 0001:000075d0       ?Precache@C357SIGAmmo@@UAEXXZ 100085d0 f   ammo.obj
 0001:000075d0       ?Precache@C57MMAmmo@@UAEXXZ 100085d0 f   ammo.obj
 0001:000075d0       ?Precache@C45ACPAmmo@@UAEXXZ 100085d0 f   ammo.obj
 0001:000075d0       ?Precache@C762NatoAmmo@@UAEXXZ 100085d0 f   ammo.obj
 0001:000075d0       ?Precache@C9MMAmmo@@UAEXXZ 100085d0 f   ammo.obj
 0001:000075d0       ?Precache@C50AEAmmo@@UAEXXZ 100085d0 f   ammo.obj
 0001:000075f0       ?Precache@CBuckShotAmmo@@UAEXXZ 100085f0 f   ammo.obj
 0001:00007610       ?Spawn@C45ACPAmmo@@UAEXXZ  10008610 f   ammo.obj
 0001:00007610       ?Spawn@C357SIGAmmo@@UAEXXZ 10008610 f   ammo.obj
 0001:00007610       ?Spawn@C9MMAmmo@@UAEXXZ    10008610 f   ammo.obj
 0001:00007610       ?Spawn@C556NatoBox@@UAEXXZ 10008610 f   ammo.obj
 0001:00007610       ?Spawn@C57MMAmmo@@UAEXXZ   10008610 f   ammo.obj
 0001:00007610       ?Spawn@C50AEAmmo@@UAEXXZ   10008610 f   ammo.obj
 0001:00007610       ?Spawn@C556NatoAmmo@@UAEXXZ 10008610 f   ammo.obj
 0001:00007610       ?Spawn@C338MagnumAmmo@@UAEXXZ 10008610 f   ammo.obj
 0001:00007610       ?Spawn@C762NatoAmmo@@UAEXXZ 10008610 f   ammo.obj
 0001:00007640       ?Spawn@CBuckShotAmmo@@UAEXXZ 10008640 f   ammo.obj
 0001:00007670       _ammo_338magnum            10008670 f   ammo.obj
 0001:00007680       _ammo_357sig               10008680 f   ammo.obj
 0001:00007690       _ammo_45acp                10008690 f   ammo.obj
 0001:000076a0       _ammo_50ae                 100086a0 f   ammo.obj
 0001:000076b0       _ammo_556nato              100086b0 f   ammo.obj
 0001:000076c0       _ammo_556natobox           100086c0 f   ammo.obj
 0001:000076d0       _ammo_57mm                 100086d0 f   ammo.obj
 0001:000076e0       _ammo_762nato              100086e0 f   ammo.obj
 0001:000076f0       _ammo_9mm                  100086f0 f   ammo.obj
 0001:00007700       _ammo_buckshot             10008700 f   ammo.obj
 0001:00007710       ?DispatchAnimEvents@CBaseAnimating@@QAEXM@Z 10008710 f   animating.obj
 0001:00007850       ?ExtractBbox@CBaseAnimating@@QAEHHPAM0@Z 10008850 f   animating.obj
 0001:00007880       ?GetSequenceFlags@CBaseAnimating@@QAEHXZ 10008880 f   animating.obj
 0001:000078a0       ?InitBoneControllers@CBaseAnimating@@QAEXXZ 100088a0 f   animating.obj
 0001:00007920       ?LookupActivity@CBaseAnimating@@QAEHH@Z 10008920 f   animating.obj
 0001:00007950       ?LookupSequence@CBaseAnimating@@QAEHPBD@Z 10008950 f   animating.obj
 0001:00007980       ?ResetSequenceInfo@CBaseAnimating@@QAEXXZ 10008980 f   animating.obj
 0001:00007a00       ?Restore@CBaseAnimating@@UAEHAAVCRestore@@@Z 10008a00 f   animating.obj
 0001:00007a40       ?Save@CBaseAnimating@@UAEHAAVCSave@@@Z 10008a40 f   animating.obj
 0001:00007a80       ?SetBoneController@CBaseAnimating@@QAEMHM@Z 10008a80 f   animating.obj
 0001:00007ac0       ?SetSequenceBox@CBaseAnimating@@QAEXXZ 10008ac0 f   animating.obj
 0001:00007cc0       ?StudioFrameAdvance@CBaseAnimating@@QAEMM@Z 10008cc0 f   animating.obj
 0001:00007de0       ?SV_StudioSetupBones@@YAXPAUmodel_s@@MHQBM1PBE2HPBUedict_s@@@Z 10008de0 f   animation.obj
 0001:00008dd0       ?ConcatTransforms@@YAXQAY03$$CBM0QAY03M@Z 10009dd0 f   animation.obj
 0001:00008ff0       ?ExtractBbox@@YAHPAXHPAM1@Z 10009ff0 f   animation.obj
 0001:00009050       ?GetAnimationEvent@@YAHPAXPAUentvars_s@@PAUMonsterEvent_t@@MMH@Z 1000a050 f   animation.obj
 0001:00009170       ?GetSequenceFlags@@YAHPAXPAUentvars_s@@@Z 1000a170 f   animation.obj
 0001:000091b0       ?GetSequenceInfo@@YAXPAXPAUentvars_s@@PAM2@Z 1000a1b0 f   animation.obj
 0001:00009290       ?LookupActivity@@YAHPAXPAUentvars_s@@H@Z 1000a290 f   animation.obj
 0001:00009310       ?LookupAnimation@@YAPAUmstudioanim_t@@PAUmodel_s@@PAUmstudioseqdesc_t@@H@Z 1000a310 f   animation.obj
 0001:00009350       ?LookupSequence@@YAHPAXPBD@Z 1000a350 f   animation.obj
 0001:000093b0       ?SetController@@YAMPAXPAUentvars_s@@HM@Z 1000a3b0 f   animation.obj
 0001:00009550       ?StudioCalcBoneAdj@@YAXMPAMPBE1E@Z 1000a550 f   animation.obj
 0001:000097c0       ?StudioCalcBonePosition@@YAXHMPAUmstudiobone_t@@PAUmstudioanim_t@@PAM2@Z 1000a7c0 f   animation.obj
 0001:00009930       ?StudioCalcBoneQuaterion@@YAXHMPAUmstudiobone_t@@PAUmstudioanim_t@@PAM2@Z 1000a930 f   animation.obj
 0001:00009b10       ?StudioEstimateFrame@@YAMMPAUmstudioseqdesc_t@@@Z 1000ab10 f   animation.obj
 0001:00009b50       ?StudioGetAnim@@YAPAUmstudioanim_t@@PAUmodel_s@@PAUmstudioseqdesc_t@@@Z 1000ab50 f   animation.obj
 0001:00009be0       ?StudioSlerpBones@@YAXQAY03MQAY02M01M@Z 1000abe0 f   animation.obj
 0001:00009d20       _AngleQuaternion           1000ad20 f   animation.obj
 0001:00009e60       _QuaternionMatrix          1000ae60 f   animation.obj
 0001:0000a090       _QuaternionSlerp           1000b090 f   animation.obj
 0001:0000a390       _Server_GetBlendingInterface 1000b390 f   animation.obj
 0001:0000a3e0       ??$GetClassPtr@VCFuncConveyor@@@@YAPAVCFuncConveyor@@PAV0@@Z 1000b3e0 f i bmodels.obj
 0001:0000a440       ??$GetClassPtr@VCFuncIllusionary@@@@YAPAVCFuncIllusionary@@PAV0@@Z 1000b440 f i bmodels.obj
 0001:0000a560       ??$GetClassPtr@VCFuncMonsterClip@@@@YAPAVCFuncMonsterClip@@PAV0@@Z 1000b560 f i bmodels.obj
 0001:0000a5c0       ??$GetClassPtr@VCFuncRotating@@@@YAPAVCFuncRotating@@PAV0@@Z 1000b5c0 f i bmodels.obj
 0001:0000a620       ??$GetClassPtr@VCFuncWall@@@@YAPAVCFuncWall@@PAV0@@Z 1000b620 f i bmodels.obj
 0001:0000a680       ??$GetClassPtr@VCFuncWallToggle@@@@YAPAVCFuncWallToggle@@PAV0@@Z 1000b680 f i bmodels.obj
 0001:0000a6e0       ??$GetClassPtr@VCPendulum@@@@YAPAVCPendulum@@PAV0@@Z 1000b6e0 f i bmodels.obj
 0001:0000a780       ?Blocked@CFuncRotating@@UAEXPAVCBaseEntity@@@Z 1000b780 f   bmodels.obj
 0001:0000a7b0       ?Blocked@CPendulum@@UAEXPAVCBaseEntity@@@Z 1000b7b0 f   bmodels.obj
 0001:0000a7c0       ?FStrEq@@YAHPBD0@Z         1000b7c0 f i bmodels.obj
 0001:0000a810       ?HurtTouch@CFuncRotating@@QAEXPAVCBaseEntity@@@Z 1000b810 f   bmodels.obj
 0001:0000a990       ?IsOn@CFuncWallToggle@@QAEHXZ 1000b990 f   bmodels.obj
 0001:0000a9a0       ?KeyValue@CFuncIllusionary@@UAEXPAUKeyValueData_s@@@Z 1000b9a0 f   bmodels.obj
 0001:0000aa10       ?KeyValue@CFuncRotating@@UAEXPAUKeyValueData_s@@@Z 1000ba10 f   bmodels.obj
 0001:0000abf0       ?KeyValue@CPendulum@@UAEXPAUKeyValueData_s@@@Z 1000bbf0 f   bmodels.obj
 0001:0000acb0       ?PendulumUse@CPendulum@@QAEXPAVCBaseEntity@@0W4USE_TYPE@@M@Z 1000bcb0 f   bmodels.obj
 0001:0000ade0       ?Precache@CFuncRotating@@UAEXXZ 1000bde0 f   bmodels.obj
 0001:0000af80       ?RampPitchVol@CFuncRotating@@QAEXH@Z 1000bf80 f   bmodels.obj
 0001:0000b070       ?Restore@CFuncRotating@@UAEHAAVCRestore@@@Z 1000c070 f   bmodels.obj
 0001:0000b0b0       ?Restore@CPendulum@@UAEHAAVCRestore@@@Z 1000c0b0 f   bmodels.obj
 0001:0000b0f0       ?RopeTouch@CPendulum@@QAEXPAVCBaseEntity@@@Z 1000c0f0 f   bmodels.obj
 0001:0000b170       ?Rotate@CFuncRotating@@QAEXXZ 1000c170 f   bmodels.obj
 0001:0000b190       ?RotatingUse@CFuncRotating@@QAEXPAVCBaseEntity@@0W4USE_TYPE@@M@Z 1000c190 f   bmodels.obj
 0001:0000b360       ?Save@CFuncRotating@@UAEHAAVCSave@@@Z 1000c360 f   bmodels.obj
 0001:0000b3a0       ?Save@CPendulum@@UAEHAAVCSave@@@Z 1000c3a0 f   bmodels.obj
 0001:0000b3e0       ?Spawn@CFuncConveyor@@UAEXXZ 1000c3e0 f   bmodels.obj
 0001:0000b470       ?Spawn@CFuncIllusionary@@UAEXXZ 1000c470 f   bmodels.obj
 0001:0000b4d0       ?Spawn@CFuncMonsterClip@@UAEXXZ 1000c4d0 f   bmodels.obj
 0001:0000b520       ?Spawn@CFuncRotating@@UAEXXZ 1000c520 f   bmodels.obj
 0001:0000b720       ?Spawn@CFuncWall@@UAEXXZ   1000c720 f   bmodels.obj
 0001:0000b790       ?Spawn@CFuncWallToggle@@UAEXXZ 1000c790 f   bmodels.obj
 0001:0000b7b0       ?Spawn@CPendulum@@UAEXXZ   1000c7b0 f   bmodels.obj
 0001:0000b970       ?SpinDown@CFuncRotating@@QAEXXZ 1000c970 f   bmodels.obj
 0001:0000bad0       ?SpinUp@CFuncRotating@@QAEXXZ 1000cad0 f   bmodels.obj
 0001:0000bca0       ?Stop@CPendulum@@QAEXXZ    1000cca0 f   bmodels.obj
 0001:0000bcf0       ?Swing@CPendulum@@QAEXXZ   1000ccf0 f   bmodels.obj
 0001:0000bec0       ?Touch@CPendulum@@UAEXPAVCBaseEntity@@@Z 1000cec0 f   bmodels.obj
 0001:0000c030       ?TurnOff@CFuncWallToggle@@QAEXXZ 1000d030 f   bmodels.obj
 0001:0000c060       ?TurnOn@CFuncWallToggle@@QAEXXZ 1000d060 f   bmodels.obj
 0001:0000c090       ?UpdateSpeed@CFuncConveyor@@QAEXM@Z 1000d090 f   bmodels.obj
 0001:0000c100       ?Use@CFuncConveyor@@UAEXPAVCBaseEntity@@0W4USE_TYPE@@M@Z 1000d100 f   bmodels.obj
 0001:0000c140       ?Use@CFuncWall@@UAEXPAVCBaseEntity@@0W4USE_TYPE@@M@Z 1000d140 f   bmodels.obj
 0001:0000c180       ?Use@CFuncWallToggle@@UAEXPAVCBaseEntity@@0W4USE_TYPE@@M@Z 1000d180 f   bmodels.obj
 0001:0000c1c0       ?VecBModelOrigin@@YA?AVVector@@PAUentvars_s@@@Z 1000d1c0 f   bmodels.obj
 0001:0000c230       _func_conveyor             1000d230 f   bmodels.obj
 0001:0000c240       _func_illusionary          1000d240 f   bmodels.obj
 0001:0000c250       _func_monsterclip          1000d250 f   bmodels.obj
 0001:0000c260       _func_pendulum             1000d260 f   bmodels.obj
 0001:0000c270       _func_rotating             1000d270 f   bmodels.obj
 0001:0000c280       _func_wall                 1000d280 f   bmodels.obj
 0001:0000c290       _func_wall_toggle          1000d290 f   bmodels.obj
 0001:0000c2a0       ??$GetClassPtr@VCBaseButton@@@@YAPAVCBaseButton@@PAV0@@Z 1000d2a0 f i buttons.obj
 0001:0000c310       ??$GetClassPtr@VCButtonTarget@@@@YAPAVCButtonTarget@@PAV0@@Z 1000d310 f i buttons.obj
 0001:0000c370       ??$GetClassPtr@VCEnvGlobal@@@@YAPAVCEnvGlobal@@PAV0@@Z 1000d370 f i buttons.obj
 0001:0000c3d0       ??$GetClassPtr@VCEnvSpark@@@@YAPAVCEnvSpark@@PAV0@@Z 1000d3d0 f i buttons.obj
 0001:0000c430       ??$GetClassPtr@VCMomentaryRotButton@@@@YAPAVCMomentaryRotButton@@PAV0@@Z 1000d430 f i buttons.obj
 0001:0000c4e0       ??$GetClassPtr@VCMultiSource@@@@YAPAVCMultiSource@@PAV0@@Z 1000d4e0 f i buttons.obj
 0001:0000c540       ??$GetClassPtr@VCRotButton@@@@YAPAVCRotButton@@PAV0@@Z 1000d540 f i buttons.obj
 0001:0000c5b0       ??0CBaseToggle@@QAE@XZ     1000d5b0 f i buttons.obj
 0001:0000c670       ?ButtonActivate@CBaseButton@@QAEXXZ 1000d670 f   buttons.obj
 0001:0000c790       ?ButtonBackHome@CBaseButton@@QAEXXZ 1000d790 f   buttons.obj
 0001:0000c8e0       ?ButtonResponseToTouch@CBaseButton@@QAE?AW4BUTTON_CODE@1@XZ 1000d8e0 f   buttons.obj
 0001:0000c930       ?ButtonReturn@CBaseButton@@QAEXXZ 1000d930 f   buttons.obj
 0001:0000c9e0       ?ButtonSound@@YAPADH@Z     1000d9e0 f   buttons.obj
 0001:0000caf0       ?ButtonSpark@CBaseButton@@QAEXXZ 1000daf0 f   buttons.obj
 0001:0000cb60       ?ButtonTouch@CBaseButton@@QAEXPAVCBaseEntity@@@Z 1000db60 f   buttons.obj
 0001:0000cc80       ?ButtonUse@CBaseButton@@QAEXPAVCBaseEntity@@0W4USE_TYPE@@M@Z 1000dc80 f   buttons.obj
 0001:0000cd20       ?DoSpark@@YAXPAUentvars_s@@ABVVector@@@Z 1000dd20 f   buttons.obj
 0001:0000ced0       ?IsTriggered@CMultiSource@@UAEHPAVCBaseEntity@@@Z 1000ded0 f   buttons.obj
 0001:0000cf30       ?KeyValue@CBaseButton@@UAEXPAUKeyValueData_s@@@Z 1000df30 f   buttons.obj
 0001:0000d0d0       ?KeyValue@CEnvGlobal@@UAEXPAUKeyValueData_s@@@Z 1000e0d0 f   buttons.obj
 0001:0000d1e0       ?KeyValue@CEnvSpark@@UAEXPAUKeyValueData_s@@@Z 1000e1e0 f   buttons.obj
 0001:0000d300       ?KeyValue@CMomentaryRotButton@@UAEXPAUKeyValueData_s@@@Z 1000e300 f   buttons.obj
 0001:0000d3c0       ?KeyValue@CMultiSource@@UAEXPAUKeyValueData_s@@@Z 1000e3c0 f   buttons.obj
 0001:0000d4f0       ?ObjectCaps@CBaseButton@@UAEHXZ 1000e4f0 f i buttons.obj
 0001:0000d520       ?ObjectCaps@CButtonTarget@@UAEHXZ 1000e520 f   buttons.obj
 0001:0000d540       ?ObjectCaps@CMomentaryRotButton@@UAEHXZ 1000e540 f   buttons.obj
 0001:0000d560       ?ObjectCaps@CMultiSource@@UAEHXZ 1000e560 f i buttons.obj
 0001:0000d570       ?Off@CMomentaryRotButton@@QAEXXZ 1000e570 f   buttons.obj
 0001:0000d5f0       ?PlaySound@CMomentaryRotButton@@QAEXXZ 1000e5f0 f   buttons.obj
 0001:0000d630       ?Precache@CBaseButton@@UAEXXZ 1000e630 f   buttons.obj
 0001:0000d880       ?Precache@CEnvSpark@@UAEXXZ 1000e880 f   buttons.obj
 0001:0000d8d0       ?Register@CMultiSource@@QAEXXZ 1000e8d0 f   buttons.obj
 0001:0000da10       ?Restore@CBaseButton@@UAEHAAVCRestore@@@Z 1000ea10 f   buttons.obj
 0001:0000da50       ?Restore@CEnvGlobal@@UAEHAAVCRestore@@@Z 1000ea50 f   buttons.obj
 0001:0000da90       ?Restore@CEnvSpark@@UAEHAAVCRestore@@@Z 1000ea90 f   buttons.obj
 0001:0000dad0       ?Restore@CMomentaryRotButton@@UAEHAAVCRestore@@@Z 1000ead0 f   buttons.obj
 0001:0000db10       ?Restore@CMultiSource@@UAEHAAVCRestore@@@Z 1000eb10 f   buttons.obj
 0001:0000db50       ?Return@CMomentaryRotButton@@QAEXXZ 1000eb50 f   buttons.obj
 0001:0000dbc0       ?Save@CBaseButton@@UAEHAAVCSave@@@Z 1000ebc0 f   buttons.obj
 0001:0000dc00       ?Save@CEnvGlobal@@UAEHAAVCSave@@@Z 1000ec00 f   buttons.obj
 0001:0000dc40       ?Save@CEnvSpark@@UAEHAAVCSave@@@Z 1000ec40 f   buttons.obj
 0001:0000dc80       ?Save@CMomentaryRotButton@@UAEHAAVCSave@@@Z 1000ec80 f   buttons.obj
 0001:0000dcc0       ?Save@CMultiSource@@UAEHAAVCSave@@@Z 1000ecc0 f   buttons.obj
 0001:0000dd00       ?SparkStart@CEnvSpark@@QAEXPAVCBaseEntity@@0W4USE_TYPE@@M@Z 1000ed00 f   buttons.obj
 0001:0000dd70       ?SparkStop@CEnvSpark@@QAEXPAVCBaseEntity@@0W4USE_TYPE@@M@Z 1000ed70 f   buttons.obj
 0001:0000dd90       ?SparkThink@CEnvSpark@@QAEXXZ 1000ed90 f   buttons.obj
 0001:0000de00       ?Spawn@CBaseButton@@UAEXXZ 1000ee00 f   buttons.obj
 0001:0000e0f0       ?Spawn@CButtonTarget@@UAEXXZ 1000f0f0 f   buttons.obj
 0001:0000e160       ?Spawn@CEnvGlobal@@UAEXXZ  1000f160 f   buttons.obj
 0001:0000e1c0       ?Spawn@CEnvSpark@@UAEXXZ   1000f1c0 f   buttons.obj
 0001:0000e270       ?Spawn@CMomentaryRotButton@@UAEXXZ 1000f270 f   buttons.obj
 0001:0000e420       ?Spawn@CMultiSource@@UAEXXZ 1000f420 f   buttons.obj
 0001:0000e470       ?Spawn@CRotButton@@UAEXXZ  1000f470 f   buttons.obj
 0001:0000e660       ?TakeDamage@CBaseButton@@UAEHPAUentvars_s@@0MH@Z 1000f660 f   buttons.obj
 0001:0000e750       ?TakeDamage@CButtonTarget@@UAEHPAUentvars_s@@0MH@Z 1000f750 f   buttons.obj
 0001:0000e7a0       ?TriggerAndWait@CBaseButton@@QAEXXZ 1000f7a0 f   buttons.obj
 0001:0000e850       ?UpdateAllButtons@CMomentaryRotButton@@QAEXMH@Z 1000f850 f   buttons.obj
 0001:0000e910       ?UpdateSelf@CMomentaryRotButton@@QAEXM@Z 1000f910 f   buttons.obj
 0001:0000ea90       ?UpdateSelfReturn@CMomentaryRotButton@@QAEXM@Z 1000fa90 f   buttons.obj
 0001:0000eb60       ?UpdateTarget@CMomentaryRotButton@@QAEXM@Z 1000fb60 f   buttons.obj
 0001:0000ebe0       ?Use@CButtonTarget@@UAEXPAVCBaseEntity@@0W4USE_TYPE@@M@Z 1000fbe0 f   buttons.obj
 0001:0000ec60       ?Use@CEnvGlobal@@UAEXPAVCBaseEntity@@0W4USE_TYPE@@M@Z 1000fc60 f   buttons.obj
 0001:0000ecf0       ?Use@CMomentaryRotButton@@UAEXPAVCBaseEntity@@0W4USE_TYPE@@M@Z 1000fcf0 f   buttons.obj
 0001:0000ed70       ?Use@CMultiSource@@UAEXPAVCBaseEntity@@0W4USE_TYPE@@M@Z 1000fd70 f   buttons.obj
 0001:0000ee50       _button_target             1000fe50 f   buttons.obj
 0001:0000ee60       _env_global                1000fe60 f   buttons.obj
 0001:0000ee70       _env_spark                 1000fe70 f   buttons.obj
 0001:0000ee70       _env_debris                1000fe70 f   buttons.obj
 0001:0000ee80       _func_button               1000fe80 f   buttons.obj
 0001:0000ee90       _func_rot_button           1000fe90 f   buttons.obj
 0001:0000eea0       _momentary_rot_button      1000fea0 f   buttons.obj
 0001:0000eeb0       _multisource               1000feb0 f   buttons.obj
 0001:0000eed0       ?DispatchSpawn@@YAHPAUedict_s@@@Z 1000fed0 f   cbase.obj
 0001:0000f030       ?DispatchKeyValue@@YAXPAUedict_s@@PAUKeyValueData_s@@@Z 10010030 f   cbase.obj
 0001:0000f070       ?DispatchTouch@@YAXPAUedict_s@@0@Z 10010070 f   cbase.obj
 0001:0000f0d0       ?DispatchUse@@YAXPAUedict_s@@0@Z 100100d0 f   cbase.obj
 0001:0000f120       ?DispatchThink@@YAXPAUedict_s@@@Z 10010120 f   cbase.obj
 0001:0000f170       ?DispatchBlocked@@YAXPAUedict_s@@0@Z 10010170 f   cbase.obj
 0001:0000f1a0       ?DispatchSave@@YAXPAUedict_s@@PAUsaverestore_s@@@Z 100101a0 f   cbase.obj
 0001:0000f2b0       ?DispatchRestore@@YAHPAUedict_s@@PAUsaverestore_s@@H@Z 100102b0 f   cbase.obj
 0001:0000f640       ?DispatchObjectCollsionBox@@YAXPAUedict_s@@@Z 10010640 f   cbase.obj
 0001:0000f670       ?SaveWriteFields@@YAXPAUsaverestore_s@@PBDPAXPAUTYPEDESCRIPTION@@H@Z 10010670 f   cbase.obj
 0001:0000f6d0       ?SaveReadFields@@YAXPAUsaverestore_s@@PBDPAXPAUTYPEDESCRIPTION@@H@Z 100106d0 f   cbase.obj
 0001:0000f740       ??0?$CUtlMemory@Uhash_item_s@@@@QAE@HH@Z 10010740 f i cbase.obj
 0001:0000f780       ??0entvars_s@@QAE@XZ       10010780 f i cbase.obj
 0001:0000f9e0       ??1?$CUtlMemory@PAD@@QAE@XZ 100109e0 f i hintmessage.obj
 0001:0000f9e0       ??1?$CUtlMemory@Uhash_item_s@@@@QAE@XZ 100109e0 f i cbase.obj
 0001:0000f9f0       ??1CSave@@UAE@XZ           100109f0 f i cbase.obj
 0001:0000f9f0       ??1CRestore@@UAE@XZ        100109f0 f i cbase.obj
 0001:0000fa00       ??4EHANDLE@@QAEPAVCBaseEntity@@PAV1@@Z 10010a00 f   cbase.obj
 0001:0000fa40       ??BEHANDLE@@QAEHXZ         10010a40 f   cbase.obj
 0001:0000fa50       ??BEHANDLE@@QAEPAVCBaseEntity@@XZ 10010a50 f   cbase.obj
 0001:0000fa50       ??CEHANDLE@@QAEPAVCBaseEntity@@XZ 10010a50 f   cbase.obj
 0001:0000fa60       ??_GCRestore@@UAEPAXI@Z    10010a60 f i cbase.obj
 0001:0000fa60       ??_ECRestore@@UAEPAXI@Z    10010a60 f i cbase.obj
 0001:0000fa90       ??_GCSaveRestoreBuffer@@UAEPAXI@Z 10010a90 f i util.obj
 0001:0000fa90       ??_GCSave@@UAEPAXI@Z       10010a90 f i cbase.obj
 0001:0000fa90       ??_ECSave@@UAEPAXI@Z       10010a90 f i cbase.obj
 0001:0000fa90       ??_ECSaveRestoreBuffer@@UAEPAXI@Z 10010a90 f i util.obj
 0001:0000fac0       ?AddEntityHashValue@@YAXPAUentvars_s@@PBDW4hash_types_e@@@Z 10010ac0 f   cbase.obj
 0001:0000fc20       ?CONSOLE_ECHO@@YAXPADZZ    10010c20 f   cbase.obj
 0001:0000fc60       ?CREATE_NAMED_ENTITY@@YAPAUedict_s@@H@Z 10010c60 f   cbase.obj
 0001:0000fca0       ?CaseInsensitiveHash@@YAHPBDH@Z 10010ca0 f   cbase.obj
 0001:0000fce0       ?Create@CBaseEntity@@SAPAV1@PADABVVector@@1PAUedict_s@@@Z 10010ce0 f   cbase.obj
 0001:0000fd80       ?DamageDecal@CBaseEntity@@UAEHH@Z 10010d80 f   cbase.obj
 0001:0000fdb0       ?EmptyEntityHashTable@@YAXXZ 10010db0 f   cbase.obj
 0001:0000fe20       ?FindGlobalEntity@@YAPAVCBaseEntity@@HH@Z 10010e20 f   cbase.obj
 0001:0000fee0       ?Get@EHANDLE@@QAEPAUedict_s@@XZ 10010ee0 f   cbase.obj
 0001:0000ff00       ?GetNextTarget@CBaseEntity@@UAEPAV1@XZ 10010f00 f   cbase.obj
 0001:0000ff50       ?Grow@?$CUtlMemory@Uhash_item_s@@@@QAEXH@Z 10010f50 f i cbase.obj
 0001:0000ffc0       ?GrowVector@?$CUtlVector@Uhash_item_s@@@@IAEXH@Z 10010fc0 f i cbase.obj
 0001:00010000       ?Hooked_DispatchSpawn@@YAHPAUedict_s@@@Z 10011000 f   cbase.obj
 0001:000100b0       ?Intersects@CBaseEntity@@QAEHPAV1@@Z 100110b0 f   cbase.obj
 0001:00010140       ?IsDormant@CBaseEntity@@QAEHXZ 10011140 f   cbase.obj
 0001:00010150       ?IsInWorld@CBaseEntity@@UAEHXZ 10011150 f   cbase.obj
 0001:000101e0       ?Killed@CBaseEntity@@UAEXPAUentvars_s@@H@Z 100111e0 f   cbase.obj
 0001:00010210       ?MakeDormant@CBaseEntity@@QAEXXZ 10011210 f   cbase.obj
 0001:00010270       ?Normalize@Vector@@QBE?AV1@XZ 10011270 f i cbase.obj
 0001:00010310       ?OnFreeEntPrivateData@@YAXPAUedict_s@@@Z 10011310 f   cbase.obj
 0001:00010360       ?Purge@?$CUtlMemory@Uhash_item_s@@@@QAEXXZ 10011360 f i cbase.obj
 0001:00010360       ?Purge@?$CUtlMemory@PAD@@QAEXXZ 10011360 f i hintmessage.obj
 0001:00010390       ?Purge@?$CUtlVector@PAD@@QAEXXZ 10011390 f i hintmessage.obj
 0001:00010390       ?Purge@?$CUtlVector@Uhash_item_s@@@@QAEXXZ 10011390 f i cbase.obj
 0001:000103b0       ?REMOVE_ENTITY@@YAXPAUedict_s@@@Z 100113b0 f   cbase.obj
 0001:000103d0       ?RemoveEntityHashValue@@YAXPAUentvars_s@@PBDW4hash_types_e@@@Z 100113d0 f   cbase.obj
 0001:00010540       ?Restore@CBaseEntity@@UAEHAAVCRestore@@@Z 10011540 f   cbase.obj
 0001:00010660       ?Save@CBaseEntity@@UAEHAAVCSave@@@Z 10011660 f   cbase.obj
 0001:000106a0       ?SetCount@?$CUtlVector@Uhash_item_s@@@@QAEXH@Z 100116a0 f i cbase.obj
 0001:000106d0       ?SetObjectCollisionBox@@YAXPAUentvars_s@@@Z 100116d0 f   cbase.obj
 0001:00010910       ?SetObjectCollisionBox@CBaseEntity@@UAEXXZ 10011910 f   cbase.obj
 0001:00010920       ?ShiftElementsRight@?$CUtlVector@Uhash_item_s@@@@IAEXHH@Z 10011920 f i cbase.obj
 0001:00010960       ?ShouldToggle@CBaseEntity@@QAEHW4USE_TYPE@@H@Z 10011960 f   cbase.obj
 0001:00010990       ?TakeDamage@CBaseEntity@@UAEHPAUentvars_s@@0MH@Z 10011990 f   cbase.obj
 0001:00010c60       ?TakeHealth@CBaseEntity@@UAEHMH@Z 10011c60 f   cbase.obj
 0001:00010cd0       ?loopPerformance@@YAXXZ    10011cd0 f   cbase.obj
 0001:00010e80       ?printEntities@@YAXXZ      10011e80 f   cbase.obj
 0001:00010f30       _GetEntityAPI              10011f30 f   cbase.obj
 0001:00010fb0       _GetNewDLLFunctions        10011fb0 f   cbase.obj
 0001:00010ff0       ??$GetClassPtr@VCBasePlayer@@@@YAPAVCBasePlayer@@PAV0@@Z 10011ff0 f i client.obj
 0001:00011230       ??0Vector@@QAE@ABV0@@Z     10012230 f i client.obj
 0001:00011260       ??0Vector@@QAE@XZ          10012260 f i client.obj
 0001:00011280       ?AddToFullPack@@YAHPAUentity_state_s@@HPAUedict_s@@1HHPAE@Z 10012280 f   client.obj
 0001:00011720       ?iItemSlot@CG3SG1@@UAEHXZ  10012720 f   wpn_g3sg1.obj
 0001:00011720       ?iItemSlot@CTMP@@UAEHXZ    10012720 f   wpn_tmp.obj
 0001:00011720       ?UseDecrement@CUMP45@@UAEHXZ 10012720 f   wpn_ump45.obj
 0001:00011720       ?UseDecrement@CTMP@@UAEHXZ 10012720 f   wpn_tmp.obj
 0001:00011720       ?UseDecrement@CUSP@@UAEHXZ 10012720 f   wpn_usp.obj
 0001:00011720       ?iItemSlot@CM249@@UAEHXZ   10012720 f   wpn_m249.obj
 0001:00011720       ?UseDecrement@CHEGrenade@@UAEHXZ 10012720 f   wpn_hegrenade.obj
 0001:00011720       ?UseDecrement@CFamas@@UAEHXZ 10012720 f   wpn_famas.obj
 0001:00011720       ?iItemSlot@CSG552@@UAEHXZ  10012720 f   wpn_sg552.obj
 0001:00011720       ?Classify@CGunTarget@@UAEHXZ 10012720 f   plats.obj
 0001:00011720       ?UseDecrement@CG3SG1@@UAEHXZ 10012720 f   wpn_g3sg1.obj
 0001:00011720       ?UseDecrement@CM4A1@@UAEHXZ 10012720 f   wpn_m4a1.obj
 0001:00011720       ?UseDecrement@CELITE@@UAEHXZ 10012720 f   wpn_elite.obj
 0001:00011720       ?IsPlayer@CBasePlayer@@UAEHXZ 10012720 f   client.obj
 0001:00011720       ?iItemSlot@CP90@@UAEHXZ    10012720 f   wpn_p90.obj
 0001:00011720       ?UseDecrement@CXM1014@@UAEHXZ 10012720 f   wpn_xm1014.obj
 0001:00011720       ?UseDecrement@CC4@@UAEHXZ  10012720 f   wpn_c4.obj
 0001:00011720       ?IsTogglePlat@CFuncTrackChange@@UAEHXZ 10012720 f   plats.obj
 0001:00011720       ?UseDecrement@CSmokeGrenade@@UAEHXZ 10012720 f   wpn_smokegrenade.obj
 0001:00011720       ?CanDrop@CBasePlayerItem@@UAEHXZ 10012720 f   h_cycler.obj
 0001:00011720       ?IsNetClient@CBasePlayer@@UAEHXZ 10012720 f   client.obj
 0001:00011720       ?iItemSlot@CFamas@@UAEHXZ  10012720 f   wpn_famas.obj
 0001:00011720       ?UseDecrement@CSG552@@UAEHXZ 10012720 f   wpn_sg552.obj
 0001:00011720       ?iItemSlot@CWeaponCycler@@UAEHXZ 10012720 f   h_cycler.obj
 0001:00011720       ?iItemSlot@CGalil@@UAEHXZ  10012720 f   wpn_galil.obj
 0001:00011720       ?UseDecrement@CDEAGLE@@UAEHXZ 10012720 f   wpn_deagle.obj
 0001:00011720       ?iItemSlot@CM4A1@@UAEHXZ   10012720 f   wpn_m4a1.obj
 0001:00011720       ?iItemSlot@CM3@@UAEHXZ     10012720 f   wpn_m3.obj
 0001:00011720       ?iItemSlot@CSG550@@UAEHXZ  10012720 f   wpn_sg550.obj
 0001:00011720       ?UseDecrement@CSCOUT@@UAEHXZ 10012720 f   wpn_scout.obj
 0001:00011720       ?iItemSlot@CSCOUT@@UAEHXZ  10012720 f   wpn_scout.obj
 0001:00011720       ?UseDecrement@CAWP@@UAEHXZ 10012720 f   wpn_awp.obj
 0001:00011720       ?iItemSlot@CUMP45@@UAEHXZ  10012720 f   wpn_ump45.obj
 0001:00011720       ?UseDecrement@CAUG@@UAEHXZ 10012720 f   wpn_aug.obj
 0001:00011720       ?UseDecrement@CM3@@UAEHXZ  10012720 f   wpn_m3.obj
 0001:00011720       ?UseDecrement@CMAC10@@UAEHXZ 10012720 f   wpn_mac10.obj
 0001:00011720       ?UseDecrement@CSG550@@UAEHXZ 10012720 f   wpn_sg550.obj
 0001:00011720       ?UseDecrement@CGalil@@UAEHXZ 10012720 f   wpn_galil.obj
 0001:00011720       ?UseDecrement@CP90@@UAEHXZ 10012720 f   wpn_p90.obj
 0001:00011720       ?IsMultiplayer@CHalfLifeMultiplay@@UAEHXZ 10012720 f   multiplay_gamerules.obj
 0001:00011720       ?AllowLagCompensation@@YAHXZ 10012720 f   client.obj
 0001:00011720       ?iItemSlot@CMAC10@@UAEHXZ  10012720 f   wpn_mac10.obj
 0001:00011720       ?CanHolster@CBasePlayerItem@@UAEHXZ 10012720 f   h_cycler.obj
 0001:00011720       ?UseDecrement@CFlashbang@@UAEHXZ 10012720 f   wpn_flashbang.obj
 0001:00011720       ?UseDecrement@CMP5N@@UAEHXZ 10012720 f   wpn_mp5navy.obj
 0001:00011720       ?iItemSlot@CMP5N@@UAEHXZ   10012720 f   wpn_mp5navy.obj
 0001:00011720       ?IsWeapon@CBasePlayerWeapon@@UAEHXZ 10012720 f   h_cycler.obj
 0001:00011720       ?UseDecrement@CGLOCK18@@UAEHXZ 10012720 f   wpn_glock18.obj
 0001:00011720       ?iItemSlot@CXM1014@@UAEHXZ 10012720 f   wpn_xm1014.obj
 0001:00011720       ?CanDeploy@CBasePlayerWeapon@@UAEHXZ 10012720 f   weapons.obj
 0001:00011720       ?UseDecrement@CKnife@@UAEHXZ 10012720 f   wpn_knife.obj
 0001:00011720       ?UseDecrement@CP228@@UAEHXZ 10012720 f   wpn_p228.obj
 0001:00011720       ?UseDecrement@CAK47@@UAEHXZ 10012720 f   wpn_ak47.obj
 0001:00011720       ?UseDecrement@CFiveSeven@@UAEHXZ 10012720 f   wpn_fiveseven.obj
 0001:00011720       ?iItemSlot@CAUG@@UAEHXZ    10012720 f   wpn_aug.obj
 0001:00011720       ?IsDeathmatch@CHalfLifeMultiplay@@UAEHXZ 10012720 f   multiplay_gamerules.obj
 0001:00011720       ?iItemSlot@CAWP@@UAEHXZ    10012720 f   wpn_awp.obj
 0001:00011720       ?UseDecrement@CM249@@UAEHXZ 10012720 f   wpn_m249.obj
 0001:00011720       ?iItemSlot@CAK47@@UAEHXZ   10012720 f   wpn_ak47.obj
 0001:00011730       ?BlinkAccount@@YAXPAVCBasePlayer@@H@Z 10012730 f   client.obj
 0001:00011770       ?BodyTarget@CBasePlayer@@UAE?AVVector@@ABV2@@Z 10012770 f i client.obj
 0001:00011820       ?Buy@@YAXPAVCBasePlayer@@H@Z 10012820 f   client.obj
 0001:00011ad0       ?BuyAmmo@@YA_NPAVCBasePlayer@@H_N@Z 10012ad0 f   client.obj
 0001:00011b60       ?BuyGunAmmo@@YA_NPAVCBasePlayer@@PAVCBasePlayerItem@@_N@Z 10012b60 f   client.obj
 0001:00011cf0       ?BuyItem@@YAXPAVCBasePlayer@@H@Z 10012cf0 f   client.obj
 0001:00012240       ?BuyMachineGun@@YAXPAVCBasePlayer@@H@Z 10013240 f   client.obj
 0001:000122d0       ?BuyPistol@@YAXPAVCBasePlayer@@H@Z 100132d0 f   client.obj
 0001:00012420       ?BuyRifle@@YAXPAVCBasePlayer@@H@Z 10013420 f   client.obj
 0001:00012600       ?BuyShotgun@@YAXPAVCBasePlayer@@H@Z 10013600 f   client.obj
 0001:000126d0       ?BuySubMachineGun@@YAXPAVCBasePlayer@@H@Z 100136d0 f   client.obj
 0001:000127f0       ?BuyWeaponByWeaponID@@YAXPAVCBasePlayer@@H@Z 100137f0 f   client.obj
 0001:000128b0       ?CMD_ARGC@@YAHXZ           100138b0 f   client.obj
 0001:000128e0       ?CMD_ARGV@@YAPBDH@Z        100138e0 f   client.obj
 0001:00012910       ?CanBuyThis@@YA_NPAVCBasePlayer@@H@Z 10013910 f   client.obj
 0001:000129f0       ?CanBuyWeaponByMaptype@@YA_NHH_N@Z 100139f0 f   client.obj
 0001:00012ba0       ?CheckEntityRecentlyInPVS@@YA_NHHM@Z 10013ba0 f   client.obj
 0001:00012bf0       ?CheckPlayerPVSLeafChanged@@YA_NPAUedict_s@@H@Z 10013bf0 f   client.obj
 0001:00012c50       ?CheckStartMoney@@YAXXZ    10013c50 f   client.obj
 0001:00012ca0       ?ClientCommand@@YAXPAUedict_s@@@Z 10013ca0 f   client.obj
 0001:00012cc0       ?ClientConnect@@YAHPAUedict_s@@PBD1QAD@Z 10013cc0 f   client.obj
 0001:00012ce0       ?ClientDisconnect@@YAXPAUedict_s@@@Z 10013ce0 f   client.obj
 0001:00012db0       ?ClientKill@@YAXPAUedict_s@@@Z 10013db0 f   client.obj
 0001:00012e60       ?ClientPrecache@@YAXXZ     10013e60 f   client.obj
 0001:000142a0       ?ClientPutInServer@@YAXPAUedict_s@@@Z 100152a0 f   client.obj
 0001:00014740       ?ClientUserInfoChanged@@YAXPAUedict_s@@PAD@Z 10015740 f   client.obj
 0001:00014930       ?CmdEnd@@YAXPBUedict_s@@@Z 10015930 f   client.obj
 0001:000149c0       ?CmdStart@@YAXPBUedict_s@@PBUusercmd_s@@I@Z 100159c0 f   client.obj
 0001:00014a10       ?ConnectionlessPacket@@YAHPBUnetadr_s@@PBDPADPAH@Z 10015a10 f   client.obj
 0001:00014a20       ?CreateBaseline@@YAXHHPAUentity_state_s@@PAUedict_s@@HVVector@@2@Z 10015a20 f   client.obj
 0001:00014ba0       ?Custom_Encode@@YAXPAUdelta_s@@PBE1@Z 10015ba0 f   client.obj
 0001:00014c80       ?Custom_Entity_FieldInit@@YAXPAUdelta_s@@@Z 10015c80 f   client.obj
 0001:00014d30       ?DropPistol@@YAXPAVCBasePlayer@@@Z 10015d30 f   client.obj
 0001:00014d80       ?DropPrimary@@YAXPAVCBasePlayer@@@Z 10015d80 f   client.obj
 0001:00014de0       ?EntityFromUserID@@YAPAVCBaseEntity@@H@Z 10015de0 f   client.obj
 0001:00014e60       ?Entity_Encode@@YAXPAUdelta_s@@PBE1@Z 10015e60 f   client.obj
 0001:00014fc0       ?Entity_FieldInit@@YAXPAUdelta_s@@@Z 10015fc0 f   client.obj
 0001:00015040       ?FNullEnt@@YAHPBUedict_s@@@Z 10016040 f i client.obj
 0001:00015070       ?GetHullBounds@@YAHHPAM0@Z 10016070 f   client.obj
 0001:00015090       ?GetWeaponData@@YAHPAUedict_s@@PAUweapon_data_s@@@Z 10016090 f   client.obj
 0001:00015230       ?HandleBuyAliasCommands@@YAHPAVCBasePlayer@@PBD@Z 10016230 f   client.obj
 0001:00015660       ?HandleMenu_ChooseAppearance@@YAXPAVCBasePlayer@@H@Z 10016660 f   client.obj
 0001:00015840       ?HandleMenu_ChooseTeam@@YAHPAVCBasePlayer@@H@Z 10016840 f   client.obj
 0001:00015fe0       ?HandleRadioAliasCommands@@YAHPAVCBasePlayer@@PBD@Z 10016fe0 f   client.obj
 0001:00016550       ?Host_Say@@YAXPAUedict_s@@H@Z 10017550 f   client.obj
 0001:00016a90       ?InconsistentFile@@YAHPBUedict_s@@PBDPAD@Z 10017a90 f   client.obj
 0001:00016ae0       ?IsPrimaryWeapon@@YA_NH@Z  10017ae0 f   client.obj
 0001:00016b70       ?IsSneaking@CBasePlayer@@UAEHXZ 10017b70 f i client.obj
 0001:00016b90       ?ListPlayers@@YAXPAVCBasePlayer@@@Z 10017b90 f   client.obj
 0001:00016d10       ?MarkEntityInPVS@@YAXHHM_N@Z 10017d10 f   client.obj
 0001:00016d40       ?ParmsChangeLevel@@YAXXZ   10017d40 f   client.obj
 0001:00016d70       ?PlayerCustomization@@YAXPAUedict_s@@PAUcustomization_s@@@Z 10017d70 f   client.obj
 0001:00016df0       ?PlayerPostThink@@YAXPAUedict_s@@@Z 10017df0 f   client.obj
 0001:00016e10       ?PlayerPreThink@@YAXPAUedict_s@@@Z 10017e10 f   client.obj
 0001:00016e30       ?Player_Encode@@YAXPAUdelta_s@@PBE1@Z 10017e30 f   client.obj
 0001:00016f10       ?Player_FieldInit@@YAXPAUdelta_s@@@Z 10017f10 f   client.obj
 0001:00016f50       ?ProcessKickVote@@YAXPAVCBasePlayer@@0@Z 10017f50 f   client.obj
 0001:00017130       ?Q_UTF8ToUChar32@@YAHPBDAAGAA_N@Z 10018130 f   client.obj
 0001:00017290       ?Q_UnicodeValidate@@YA_NPBD@Z 10018290 f   client.obj
 0001:000172f0       ?Radio1@@YAXPAVCBasePlayer@@H@Z 100182f0 f   client.obj
 0001:000173f0       ?Radio2@@YAXPAVCBasePlayer@@H@Z 100183f0 f   client.obj
 0001:000174f0       ?Radio3@@YAXPAVCBasePlayer@@H@Z 100184f0 f   client.obj
 0001:00017680       ?RegisterEncoders@@YAXXZ   10018680 f   client.obj
 0001:000176c0       ?RemoveAll@?$CUtlVector@PAD@@QAEXXZ 100186c0 f i hintmessage.obj
 0001:000176c0       ?RemoveAll@?$CUtlVector@PAVCHintMessage@@@@QAEXXZ 100186c0 f i client.obj
 0001:000176c0       ?RemoveAll@?$CUtlVector@Uhash_item_s@@@@QAEXXZ 100186c0 f i cbase.obj
 0001:000176d0       ?ResetPlayerPVS@@YAXPAUedict_s@@H@Z 100186d0 f   client.obj
 0001:00017750       ?SelectDefaultTeam@@YAHXZ  10018750 f   client.obj
 0001:000177e0       ?ServerActivate@@YAXPAUedict_s@@HH@Z 100187e0 f   client.obj
 0001:000178c0       ?ServerDeactivate@@YAXXZ   100188c0 f   client.obj
 0001:000178e0       ?SetupVisibility@@YAXPAUedict_s@@0PAPAE1@Z 100188e0 f   client.obj
 0001:00017a10       ?ShowMenu@@YAXPAVCBasePlayer@@HHHPAD@Z 10018a10 f   client.obj
 0001:00017a60       ?ShowVGUIMenu@@YAXPAVCBasePlayer@@HHPAD@Z 10018a60 f   client.obj
 0001:00017ae0       ?SpectatorConnect@@YAXPAUedict_s@@@Z 10018ae0 f   client.obj
 0001:00017b00       ?SpectatorDisconnect@@YAXPAUedict_s@@@Z 10018b00 f   client.obj
 0001:00017b20       ?SpectatorThink@@YAXPAUedict_s@@@Z 10018b20 f   client.obj
 0001:00017b40       ?StartFrame@@YAXXZ         10018b40 f   client.obj
 0001:00017bb0       ?StartSneaking@CBasePlayer@@UAEXXZ 10018bb0 f i client.obj
 0001:00017bd0       ?StopSneaking@CBasePlayer@@UAEXXZ 10018bd0 f i client.obj
 0001:00017bf0       ?UpdateClientData@@YAXPBUedict_s@@HPAUclientdata_s@@@Z 10018bf0 f   client.obj
 0001:00017f60       ?_ClientCommand@@YAXPAUedict_s@@@Z 10018f60 f   client.obj
 0001:00019690       ?respawn@@YAXPAUentvars_s@@H@Z 1001a690 f   client.obj
 0001:00019710       _CountTeamPlayers          1001a710 f   client.obj
 0001:00019790       _CountTeams                1001a790 f   client.obj
 0001:00019820       __snprintf                 1001a820 f i client.obj
 0001:00019860       _sprintf                   1001a860 f i client.obj
 0001:000198a0       ??$GetClassPtr@VCGib@@@@YAPAVCGib@@PAV0@@Z 1001a8a0 f i combat.obj
 0001:00019900       ??0TraceResult@@QAE@XZ     1001a900 f i combat.obj
 0001:00019930       ??0Vector@@QAE@MMM@Z       1001a930 f i combat.obj
 0001:00019960       ??D@YA?AVVector@@MABV0@@Z  1001a960 f i combat.obj
 0001:000199a0       ??DVector@@QBE?AV0@M@Z     1001a9a0 f i combat.obj
 0001:000199e0       ??HVector@@QBE?AV0@ABV0@@Z 1001a9e0 f i combat.obj
 0001:00019a20       ?BecomeDead@CBaseMonster@@UAEXXZ 1001aa20 f   combat.obj
 0001:00019a70       ?BloodSplat@CBaseMonster@@QAEXABVVector@@0HH@Z 1001aa70 f   combat.obj
 0001:00019b30       ?BounceGibTouch@CGib@@QAEXPAVCBaseEntity@@@Z 1001ab30 f   combat.obj
 0001:00019ce0       ?CallGibMonster@CBaseMonster@@QAEXXZ 1001ace0 f   combat.obj
 0001:00019de0       ?DeadTakeDamage@CBaseMonster@@QAEHPAUentvars_s@@0MH@Z 1001ade0 f   combat.obj
 0001:0001a050       ?EMIT_SOUND@@YAXPAUedict_s@@HPBDMM@Z 1001b050 f i combat.obj
 0001:0001a090       ?ENT@@YAPAUedict_s@@PBUentvars_s@@@Z 1001b090 f i combat.obj
 0001:0001a0a0       ?FInViewCone@CBaseMonster@@UAEHPAVCBaseEntity@@@Z 1001b0a0 f   combat.obj
 0001:0001a160       ?FInViewCone@CBaseMonster@@UAEHPAVVector@@@Z 1001b160 f   combat.obj
 0001:0001a220       ?FNullEnt@@YAHPAUentvars_s@@@Z 1001b220 f i combat.obj
 0001:0001a250       ?FVisible@CBaseEntity@@UAEHABVVector@@@Z 1001b250 f   combat.obj
 0001:0001a2e0       ?FVisible@CBaseEntity@@UAEHPAV1@@Z 1001b2e0 f   combat.obj
 0001:0001a3d0       ?FadeMonster@CBaseMonster@@UAEXXZ 1001b3d0 f   combat.obj
 0001:0001a440       ?FireBullets3@CBaseEntity@@QAE?AVVector@@V2@0MMHHHMPAUentvars_s@@_NH@Z 1001b440 f   combat.obj
 0001:0001b0e0       ?FireBullets@CBaseEntity@@QAEXKVVector@@00MHHHPAUentvars_s@@@Z 1001c0e0 f   combat.obj
 0001:0001baa0       ?GetDeathActivity@CBaseMonster@@UAE?AW4Activity@@XZ 1001caa0 f   combat.obj
 0001:0001bd20       ?GibMonster@CBaseMonster@@UAEXXZ 1001cd20 f   combat.obj
 0001:0001be30       ?HasAlienGibs@CBaseMonster@@UAEHXZ 1001ce30 f   combat.obj
 0001:0001be60       ?HasHumanGibs@CBaseMonster@@UAEHXZ 1001ce60 f   combat.obj
 0001:0001be90       ?Instance@CBaseEntity@@SAPAV1@PAUedict_s@@@Z 1001ce90 f i combat.obj
 0001:0001bec0       ?Killed@CBaseMonster@@UAEXPAUentvars_s@@H@Z 1001cec0 f   combat.obj
 0001:0001bfc0       ?LimitVelocity@CGib@@QAEXXZ 1001cfc0 f   combat.obj
 0001:0001c080       ?RadiusDamage2@@YAXVVector@@PAUentvars_s@@1MMHH@Z 1001d080 f   combat.obj
 0001:0001c400       ?RadiusDamage@@YAXVVector@@PAUentvars_s@@1MMHH@Z 1001d400 f   combat.obj
 0001:0001c580       ?RadiusDamage@CBaseMonster@@QAEXPAUentvars_s@@0MHH@Z 1001d580 f   combat.obj
 0001:0001c680       ?RadiusFlash@@YAXVVector@@PAUentvars_s@@1M@Z 1001d680 f   combat.obj
 0001:0001cb60       ?SUB_FadeOut@CBaseEntity@@QAEXXZ 1001db60 f   combat.obj
 0001:0001cbe0       ?SUB_StartFadeOut@CBaseEntity@@QAEXXZ 1001dbe0 f   combat.obj
 0001:0001cc60       ?ShouldGibMonster@CBaseMonster@@QAEHH@Z 1001dc60 f   combat.obj
 0001:0001cca0       ?Spawn@CGib@@QAEXPBD@Z     1001dca0 f   combat.obj
 0001:0001cdf0       ?SpawnHeadGib@CGib@@SAXPAUentvars_s@@@Z 1001ddf0 f   combat.obj
 0001:0001d120       ?SpawnRandomGibs@CGib@@SAXPAUentvars_s@@HH@Z 1001e120 f   combat.obj
 0001:0001d480       ?StickyGibTouch@CGib@@QAEXPAVCBaseEntity@@@Z 1001e480 f   combat.obj
 0001:0001d650       ?TakeDamage@CBaseMonster@@UAEHPAUentvars_s@@0MH@Z 1001e650 f   combat.obj
 0001:0001d9b0       ?TakeHealth@CBaseMonster@@UAEHMH@Z 1001e9b0 f   combat.obj
 0001:0001da00       ?TraceAttack@CBaseEntity@@UAEXPAUentvars_s@@MVVector@@PAUTraceResult@@H@Z 1001ea00 f   combat.obj
 0001:0001db30       ?TraceAttack@CBaseMonster@@UAEXPAUentvars_s@@MVVector@@PAUTraceResult@@H@Z 1001eb30 f   combat.obj
 0001:0001dc30       ?TraceBleed@CBaseEntity@@UAEXMVVector@@PAUTraceResult@@H@Z 1001ec30 f   combat.obj
 0001:0001de50       ?VARS@@YAPAUentvars_s@@PAUedict_s@@@Z 1001ee50 f i combat.obj
 0001:0001de70       ?WaitTillLand@CGib@@QAEXXZ 1001ee70 f   combat.obj
 0001:0001df30       ?edict@CBaseEntity@@QAEPAUedict_s@@XZ 1001ef30 f i combat.obj
 0001:0001df40       ??$GetClassPtr@VCBaseDoor@@@@YAPAVCBaseDoor@@PAV0@@Z 1001ef40 f i doors.obj
 0001:0001dfb0       ??$GetClassPtr@VCMomentaryDoor@@@@YAPAVCMomentaryDoor@@PAV0@@Z 1001efb0 f i doors.obj
 0001:0001e020       ??$GetClassPtr@VCRotDoor@@@@YAPAVCRotDoor@@PAV0@@Z 1001f020 f i doors.obj
 0001:0001e090       ?Blocked@CBaseDoor@@UAEXPAVCBaseEntity@@@Z 1001f090 f   doors.obj
 0001:0001e340       ?DoorActivate@CBaseDoor@@QAEHXZ 1001f340 f   doors.obj
 0001:0001e400       ?DoorGoDown@CBaseDoor@@QAEXXZ 1001f400 f   doors.obj
 0001:0001e520       ?DoorGoUp@CBaseDoor@@QAEXXZ 1001f520 f   doors.obj
 0001:0001e820       ?DoorHitBottom@CBaseDoor@@QAEXXZ 1001f820 f   doors.obj
 0001:0001e930       ?DoorHitTop@CBaseDoor@@QAEXXZ 1001f930 f   doors.obj
 0001:0001ea90       ?DoorTouch@CBaseDoor@@QAEXPAVCBaseEntity@@@Z 1001fa90 f   doors.obj
 0001:0001eb20       ?FClassnameIs@@YAHPAUedict_s@@PBD@Z 1001fb20 f i doors.obj
 0001:0001eb80       ?KeyValue@CBaseDoor@@UAEXPAUKeyValueData_s@@@Z 1001fb80 f   doors.obj
 0001:0001edd0       ?KeyValue@CMomentaryDoor@@UAEXPAUKeyValueData_s@@@Z 1001fdd0 f   doors.obj
 0001:0001eea0       ?ObjectCaps@CBaseDoor@@UAEHXZ 1001fea0 f i doors.obj
 0001:0001eeb0       ?PlayLockSounds@@YAXPAUentvars_s@@PAUlocksounds@@HH@Z 1001feb0 f   doors.obj
 0001:0001f0f0       ?Precache@CBaseDoor@@UAEXXZ 100200f0 f   doors.obj
 0001:0001f600       ?Precache@CMomentaryDoor@@UAEXXZ 10020600 f   doors.obj
 0001:0001f780       ?Restart@CBaseDoor@@UAEXXZ 10020780 f   doors.obj
 0001:0001f7c0       ?Restart@CRotDoor@@UAEXXZ  100207c0 f   doors.obj
 0001:0001f900       ?Restore@CBaseDoor@@UAEHAAVCRestore@@@Z 10020900 f   doors.obj
 0001:0001f940       ?Restore@CMomentaryDoor@@UAEHAAVCRestore@@@Z 10020940 f   doors.obj
 0001:0001f980       ?Save@CBaseDoor@@UAEHAAVCSave@@@Z 10020980 f   doors.obj
 0001:0001f9c0       ?Save@CMomentaryDoor@@UAEHAAVCSave@@@Z 100209c0 f   doors.obj
 0001:0001fa00       ?SetToggleState@CBaseDoor@@UAEXH@Z 10020a00 f   doors.obj
 0001:0001fa30       ?SetToggleState@CRotDoor@@UAEXH@Z 10020a30 f   doors.obj
 0001:0001fa90       ?Spawn@CBaseDoor@@UAEXXZ   10020a90 f   doors.obj
 0001:0001fca0       ?Spawn@CMomentaryDoor@@UAEXXZ 10020ca0 f   doors.obj
 0001:0001fe80       ?Spawn@CRotDoor@@UAEXXZ    10020e80 f   doors.obj
 0001:000200a0       ?Use@CBaseDoor@@UAEXPAVCBaseEntity@@0W4USE_TYPE@@M@Z 100210a0 f   doors.obj
 0001:000200e0       ?Use@CMomentaryDoor@@UAEXPAVCBaseEntity@@0W4USE_TYPE@@M@Z 100210e0 f   doors.obj
 0001:00020260       _func_water                10021260 f   doors.obj
 0001:00020260       _func_door                 10021260 f   doors.obj
 0001:00020270       _func_door_rotating        10021270 f   doors.obj
 0001:00020280       _momentary_door            10021280 f   doors.obj
 0001:00020290       ??$GetClassPtr@VCBeam@@@@YAPAVCBeam@@PAV0@@Z 10021290 f i effects.obj
 0001:000202f0       ??$GetClassPtr@VCBlood@@@@YAPAVCBlood@@PAV0@@Z 100212f0 f i effects.obj
 0001:00020350       ??$GetClassPtr@VCBombGlow@@@@YAPAVCBombGlow@@PAV0@@Z 10021350 f i effects.obj
 0001:000203b0       ??$GetClassPtr@VCBubbling@@@@YAPAVCBubbling@@PAV0@@Z 100213b0 f i effects.obj
 0001:00020410       ??$GetClassPtr@VCEnvBeverage@@@@YAPAVCEnvBeverage@@PAV0@@Z 10021410 f i effects.obj
 0001:00020470       ??$GetClassPtr@VCEnvFunnel@@@@YAPAVCEnvFunnel@@PAV0@@Z 10021470 f i effects.obj
 0001:000204d0       ??$GetClassPtr@VCEnvShooter@@@@YAPAVCEnvShooter@@PAV0@@Z 100214d0 f i effects.obj
 0001:00020530       ??$GetClassPtr@VCFade@@@@YAPAVCFade@@PAV0@@Z 10021530 f i effects.obj
 0001:00020590       ??$GetClassPtr@VCGibShooter@@@@YAPAVCGibShooter@@PAV0@@Z 10021590 f i effects.obj
 0001:000205f0       ??$GetClassPtr@VCGlow@@@@YAPAVCGlow@@PAV0@@Z 100215f0 f i effects.obj
 0001:00020650       ??$GetClassPtr@VCItemSoda@@@@YAPAVCItemSoda@@PAV0@@Z 10021650 f i effects.obj
 0001:000206b0       ??$GetClassPtr@VCLaser@@@@YAPAVCLaser@@PAV0@@Z 100216b0 f i effects.obj
 0001:00020730       ??$GetClassPtr@VCLightning@@@@YAPAVCLightning@@PAV0@@Z 10021730 f i effects.obj
 0001:00020790       ??$GetClassPtr@VCMessage@@@@YAPAVCMessage@@PAV0@@Z 10021790 f i effects.obj
 0001:000207f0       ??$GetClassPtr@VCPointEntity@@@@YAPAVCPointEntity@@PAV0@@Z 100217f0 f i effects.obj
 0001:00020850       ??$GetClassPtr@VCShake@@@@YAPAVCShake@@PAV0@@Z 10021850 f i effects.obj
 0001:000208b0       ??$GetClassPtr@VCSprite@@@@YAPAVCSprite@@PAV0@@Z 100218b0 f i effects.obj
 0001:00020910       ??$GetClassPtr@VCTestEffect@@@@YAPAVCTestEffect@@PAV0@@Z 10021910 f i effects.obj
 0001:00020970       ?Activate@CLightning@@UAEXXZ 10021970 f   effects.obj
 0001:000209a0       ?Animate@CGlow@@QAEXM@Z    100219a0 f   effects.obj
 0001:000209f0       ?Animate@CSprite@@QAEXM@Z  100219f0 f   effects.obj
 0001:00020a70       ?AnimateThink@CSprite@@QAEXXZ 10021a70 f   effects.obj
 0001:00020ad0       ?AnimateUntilDead@CSprite@@QAEXXZ 10021ad0 f   effects.obj
 0001:00020b10       ?BeamCreate@CBeam@@SAPAV1@PBDH@Z 10021b10 f   effects.obj
 0001:00020b90       ?BeamDamage@CBeam@@QAEXPAUTraceResult@@@Z 10021b90 f   effects.obj
 0001:00020d20       ?BeamInit@CBeam@@QAEXPBDH@Z 10021d20 f   effects.obj
 0001:00020e00       ?BeamUpdateVars@CLightning@@QAEXXZ 10021e00 f   effects.obj
 0001:00021040       ?BloodPosition@CBlood@@QAE?AVVector@@PAVCBaseEntity@@@Z 10022040 f   effects.obj
 0001:00021160       ?CanThink@CItemSoda@@QAEXXZ 10022160 f   effects.obj
 0001:00021200       ?CanTouch@CItemSoda@@QAEXPAVCBaseEntity@@@Z 10022200 f   effects.obj
 0001:000212b0       ?Center@CBeam@@UAE?AVVector@@XZ 100222b0 f i effects.obj
 0001:00021310       ?CreateGib@CEnvShooter@@UAEPAVCGib@@XZ 10022310 f   effects.obj
 0001:00021400       ?CreateGib@CGibShooter@@UAEPAVCGib@@XZ 10022400 f   effects.obj
 0001:000214a0       ?DamageThink@CLightning@@QAEXXZ 100224a0 f   effects.obj
 0001:00021530       ?Direction@CBlood@@QAE?AVVector@@XZ 10022530 f   effects.obj
 0001:00021580       ?DoSparks@CBeam@@QAEXABVVector@@0@Z 10022580 f   effects.obj
 0001:000215c0       ?ExpandThink@CSprite@@QAEXXZ 100225c0 f   effects.obj
 0001:00021670       ?FClassnameIs@@YAHPAUentvars_s@@PBD@Z 10022670 f i effects.obj
 0001:000216c0       ?FireAtPoint@CLaser@@QAEXAAUTraceResult@@@Z 100226c0 f   effects.obj
 0001:00021720       ?FizzThink@CBubbling@@QAEXXZ 10022720 f   effects.obj
 0001:000217f0       ?GetEndPos@CBeam@@QAEABVVector@@XZ 100227f0 f   effects.obj
 0001:00021840       ?GetStartPos@CBeam@@QAEABVVector@@XZ 10022840 f   effects.obj
 0001:00021870       ?IsOn@CLaser@@QAEHXZ       10022870 f   effects.obj
 0001:00021890       ?IsPointEntity@@YAHPAVCBaseEntity@@@Z 10022890 f   effects.obj
 0001:00021940       ?KeyValue@CBlood@@UAEXPAUKeyValueData_s@@@Z 10022940 f   effects.obj
 0001:00021a30       ?KeyValue@CBubbling@@UAEXPAUKeyValueData_s@@@Z 10022a30 f   effects.obj
 0001:00021b50       ?KeyValue@CEnvShooter@@UAEXPAUKeyValueData_s@@@Z 10022b50 f   effects.obj
 0001:00021c90       ?KeyValue@CFade@@UAEXPAUKeyValueData_s@@@Z 10022c90 f   effects.obj
 0001:00021d70       ?KeyValue@CGibShooter@@UAEXPAUKeyValueData_s@@@Z 10022d70 f   effects.obj
 0001:00021ec0       ?KeyValue@CLaser@@UAEXPAUKeyValueData_s@@@Z 10022ec0 f   effects.obj
 0001:00022100       ?KeyValue@CLightning@@UAEXPAUKeyValueData_s@@@Z 10023100 f   effects.obj
 0001:000223b0       ?KeyValue@CMessage@@UAEXPAUKeyValueData_s@@@Z 100233b0 f   effects.obj
 0001:000224e0       ?KeyValue@CShake@@UAEXPAUKeyValueData_s@@@Z 100234e0 f   effects.obj
 0001:00022660       ?ObjectCaps@CBeam@@UAEHXZ  10023660 f i effects.obj
 0001:00022660       ?ObjectCaps@CSprite@@UAEHXZ 10023660 f i effects.obj
 0001:00022680       ?PointsInit@CBeam@@QAEXABVVector@@0@Z 10023680 f   effects.obj
 0001:000226f0       ?Precache@CBeam@@UAEXXZ    100236f0 f   effects.obj
 0001:00022740       ?Precache@CBubbling@@UAEXXZ 10023740 f   effects.obj
 0001:00022760       ?Precache@CEnvBeverage@@UAEXXZ 10023760 f   effects.obj
 0001:00022780       ?Precache@CEnvFunnel@@UAEXXZ 10023780 f   effects.obj
 0001:000227a0       ?Precache@CEnvShooter@@UAEXXZ 100237a0 f   effects.obj
 0001:000227e0       ?Precache@CGibShooter@@UAEXXZ 100237e0 f   effects.obj
 0001:00022820       ?Precache@CLaser@@UAEXXZ   10023820 f   effects.obj
 0001:00022870       ?Precache@CLightning@@UAEXXZ 10023870 f   effects.obj
 0001:000228a0       ?Precache@CMessage@@UAEXXZ 100238a0 f   effects.obj
 0001:000228d0       ?Precache@CSprite@@UAEXXZ  100238d0 f   effects.obj
 0001:00022960       ?Precache@CTestEffect@@UAEXXZ 10023960 f   effects.obj
 0001:00022970       ?RandomArea@CLightning@@QAEXXZ 10023970 f   effects.obj
 0001:00022e10       ?RandomPoint@CLightning@@QAEXAAVVector@@@Z 10023e10 f   effects.obj
 0001:00023040       ?RandomTargetname@CBeam@@QAEPAVCBaseEntity@@PBD@Z 10024040 f   effects.obj
 0001:00023090       ?RelinkBeam@CBeam@@QAEXXZ  10024090 f   effects.obj
 0001:000231e0       ?Restart@CSprite@@UAEXXZ   100241e0 f   effects.obj
 0001:00023240       ?Restore@CBubbling@@UAEHAAVCRestore@@@Z 10024240 f   effects.obj
 0001:00023280       ?Restore@CGibShooter@@UAEHAAVCRestore@@@Z 10024280 f   effects.obj
 0001:000232c0       ?Restore@CGlow@@UAEHAAVCRestore@@@Z 100242c0 f   effects.obj
 0001:00023300       ?Restore@CLaser@@UAEHAAVCRestore@@@Z 10024300 f   effects.obj
 0001:00023340       ?Restore@CLightning@@UAEHAAVCRestore@@@Z 10024340 f   effects.obj
 0001:00023380       ?Restore@CSprite@@UAEHAAVCRestore@@@Z 10024380 f   effects.obj
 0001:000233c0       ?Save@CBubbling@@UAEHAAVCSave@@@Z 100243c0 f   effects.obj
 0001:00023400       ?Save@CGibShooter@@UAEHAAVCSave@@@Z 10024400 f   effects.obj
 0001:00023440       ?Save@CGlow@@UAEHAAVCSave@@@Z 10024440 f   effects.obj
 0001:00023480       ?Save@CLaser@@UAEHAAVCSave@@@Z 10024480 f   effects.obj
 0001:000234c0       ?Save@CLightning@@UAEHAAVCSave@@@Z 100244c0 f   effects.obj
 0001:00023500       ?Save@CSprite@@UAEHAAVCSave@@@Z 10024500 f   effects.obj
 0001:00023540       ?SetEndEntity@CBeam@@QAEXH@Z 10024540 f   effects.obj
 0001:00023590       ?SetStartEntity@CBeam@@QAEXH@Z 10024590 f   effects.obj
 0001:000235e0       ?ShootThink@CGibShooter@@QAEXXZ 100245e0 f   effects.obj
 0001:00023990       ?Spawn@CBeam@@UAEXXZ       10024990 f   effects.obj
 0001:000239b0       ?Spawn@CBlood@@UAEXXZ      100249b0 f   effects.obj
 0001:000239f0       ?Spawn@CBombGlow@@UAEXXZ   100249f0 f   effects.obj
 0001:00023ac0       ?Spawn@CBubbling@@UAEXXZ   10024ac0 f   effects.obj
 0001:00023bc0       ?Spawn@CEnvBeverage@@UAEXXZ 10024bc0 f   effects.obj
 0001:00023c20       ?Spawn@CEnvFunnel@@UAEXXZ  10024c20 f   effects.obj
 0001:00023c50       ?Spawn@CFade@@UAEXXZ       10024c50 f   effects.obj
 0001:00023c90       ?Spawn@CGibShooter@@UAEXXZ 10024c90 f   effects.obj
 0001:00023d10       ?Spawn@CGlow@@UAEXXZ       10024d10 f   effects.obj
 0001:00023e00       ?Spawn@CItemSoda@@UAEXXZ   10024e00 f   effects.obj
 0001:00023eb0       ?Spawn@CLaser@@UAEXXZ      10024eb0 f   effects.obj
 0001:00024020       ?Spawn@CLightning@@UAEXXZ  10025020 f   effects.obj
 0001:00024170       ?Spawn@CMessage@@UAEXXZ    10025170 f   effects.obj
 0001:00024200       ?Spawn@CShake@@UAEXXZ      10025200 f   effects.obj
 0001:00024250       ?Spawn@CSprite@@UAEXXZ     10025250 f   effects.obj
 0001:00024330       ?SpriteCreate@CSprite@@SAPAV1@PBDABVVector@@H@Z 10025330 f   effects.obj
 0001:000243d0       ?SpriteInit@CSprite@@QAEXPBDABVVector@@@Z 100253d0 f   effects.obj
 0001:00024410       ?StrikeThink@CLaser@@QAEXXZ 10025410 f   effects.obj
 0001:000244d0       ?StrikeThink@CLightning@@QAEXXZ 100254d0 f   effects.obj
 0001:000248b0       ?StrikeUse@CLightning@@QAEXPAVCBaseEntity@@0W4USE_TYPE@@M@Z 100258b0 f   effects.obj
 0001:00024930       ?TestThink@CTestEffect@@QAEXXZ 10025930 f   effects.obj
 0001:00024c70       ?Think@CBombGlow@@UAEXXZ   10025c70 f   effects.obj
 0001:00024d80       ?Think@CGlow@@UAEXXZ       10025d80 f   effects.obj
 0001:00024de0       ?ToggleUse@CLightning@@QAEXPAVCBaseEntity@@0W4USE_TYPE@@M@Z 10025de0 f   effects.obj
 0001:00024e90       ?TriggerTouch@CBeam@@QAEXPAVCBaseEntity@@@Z 10025e90 f   effects.obj
 0001:00024ee0       ?TurnOff@CLaser@@QAEXXZ    10025ee0 f   effects.obj
 0001:00024f10       ?TurnOff@CSprite@@QAEXXZ   10025f10 f   effects.obj
 0001:00024f30       ?TurnOn@CLaser@@QAEXXZ     10025f30 f   effects.obj
 0001:00024f80       ?TurnOn@CSprite@@QAEXXZ    10025f80 f   effects.obj
 0001:00024ff0       ?Use@CBlood@@UAEXPAVCBaseEntity@@0W4USE_TYPE@@M@Z 10025ff0 f   effects.obj
 0001:00025170       ?Use@CBubbling@@UAEXPAVCBaseEntity@@0W4USE_TYPE@@M@Z 10026170 f   effects.obj
 0001:000251f0       ?Use@CEnvBeverage@@UAEXPAVCBaseEntity@@0W4USE_TYPE@@M@Z 100261f0 f   effects.obj
 0001:00025290       ?Use@CEnvFunnel@@UAEXPAVCBaseEntity@@0W4USE_TYPE@@M@Z 10026290 f   effects.obj
 0001:00025330       ?Use@CFade@@UAEXPAVCBaseEntity@@0W4USE_TYPE@@M@Z 10026330 f   effects.obj
 0001:00025400       ?Use@CGibShooter@@UAEXPAVCBaseEntity@@0W4USE_TYPE@@M@Z 10026400 f   effects.obj
 0001:00025420       ?Use@CLaser@@UAEXPAVCBaseEntity@@0W4USE_TYPE@@M@Z 10026420 f   effects.obj
 0001:00025460       ?Use@CMessage@@UAEXPAVCBaseEntity@@0W4USE_TYPE@@M@Z 10026460 f   effects.obj
 0001:00025570       ?Use@CShake@@UAEXPAVCBaseEntity@@0W4USE_TYPE@@M@Z 10026570 f   effects.obj
 0001:000255c0       ?Use@CSprite@@UAEXPAVCBaseEntity@@0W4USE_TYPE@@M@Z 100265c0 f   effects.obj
 0001:00025610       ?Use@CTestEffect@@UAEXPAVCBaseEntity@@0W4USE_TYPE@@M@Z 10026610 f   effects.obj
 0001:00025650       ?Zap@CLightning@@QAEXABVVector@@0@Z 10026650 f   effects.obj
 0001:000257a0       ?entindex@CBaseEntity@@QAEHXZ 100267a0 f i effects.obj
 0001:000257c0       _beam                      100267c0 f   effects.obj
 0001:000257d0       _env_beam                  100267d0 f   effects.obj
 0001:000257d0       _env_lightning             100267d0 f   effects.obj
 0001:000257e0       _env_beverage              100267e0 f   effects.obj
 0001:000257f0       _env_blood                 100267f0 f   effects.obj
 0001:00025800       _env_bombglow              10026800 f   effects.obj
 0001:00025810       _env_bubbles               10026810 f   effects.obj
 0001:00025820       _env_fade                  10026820 f   effects.obj
 0001:00025830       _env_funnel                10026830 f   effects.obj
 0001:00025840       _env_glow                  10026840 f   effects.obj
 0001:00025850       _env_laser                 10026850 f   effects.obj
 0001:00025860       _env_message               10026860 f   effects.obj
 0001:00025870       _env_shake                 10026870 f   effects.obj
 0001:00025880       _env_shooter               10026880 f   effects.obj
 0001:00025890       _env_sprite                10026890 f   effects.obj
 0001:000258a0       _gibshooter                100268a0 f   effects.obj
 0001:000258b0       _item_sodacan              100268b0 f   effects.obj
 0001:000258c0       _test_effect               100268c0 f   effects.obj
 0001:000258d0       ??$GetClassPtr@VCEnvExplosion@@@@YAPAVCEnvExplosion@@PAV0@@Z 100268d0 f i explode.obj
 0001:00025a30       ??$GetClassPtr@VCShower@@@@YAPAVCShower@@PAV0@@Z 10026a30 f i explode.obj
 0001:00025a90       ?ExplosionCreate@@YAXABVVector@@0PAUedict_s@@HH@Z 10026a90 f   explode.obj
 0001:00025b20       ?KeyValue@CEnvExplosion@@UAEXPAUKeyValueData_s@@@Z 10026b20 f   explode.obj
 0001:00025b90       ?Restore@CEnvExplosion@@UAEHAAVCRestore@@@Z 10026b90 f   explode.obj
 0001:00025bd0       ?Save@CEnvExplosion@@UAEHAAVCSave@@@Z 10026bd0 f   explode.obj
 0001:00025c10       ?Smoke@CEnvExplosion@@QAEXXZ 10026c10 f   explode.obj
 0001:00025cc0       ?Spawn@CEnvExplosion@@UAEXXZ 10026cc0 f   explode.obj
 0001:00025d20       ?Spawn@CShower@@UAEXXZ     10026d20 f   explode.obj
 0001:00025eb0       ?Think@CShower@@UAEXXZ     10026eb0 f   explode.obj
 0001:00025f40       ?Touch@CShower@@UAEXPAVCBaseEntity@@@Z 10026f40 f   explode.obj
 0001:00025fd0       ?Use@CEnvExplosion@@UAEXPAVCBaseEntity@@0W4USE_TYPE@@M@Z 10026fd0 f   explode.obj
 0001:000262f0       _env_explosion             100272f0 f   explode.obj
 0001:00026300       _spark_shower              10027300 f   explode.obj
 0001:00026310       ??$GetClassPtr@VCBreakable@@@@YAPAVCBreakable@@PAV0@@Z 10027310 f i func_break.obj
 0001:00026370       ??$GetClassPtr@VCPushable@@@@YAPAVCPushable@@PAV0@@Z 10027370 f i func_break.obj
 0001:000263d0       ?BreakTouch@CBreakable@@QAEXPAVCBaseEntity@@@Z 100273d0 f   func_break.obj
 0001:000265f0       ?DamageDecal@CBreakable@@UAEHH@Z 100275f0 f   func_break.obj
 0001:00026630       ?DamageSound@CBreakable@@QAEXXZ 10027630 f   func_break.obj
 0001:000267c0       ?Die@CBreakable@@QAEXXZ    100277c0 f   func_break.obj
 0001:00026e50       ?IsBreakable@CBreakable@@QAEHXZ 10027e50 f   func_break.obj
 0001:00026e70       ?KeyValue@CBreakable@@UAEXPAUKeyValueData_s@@@Z 10027e70 f   func_break.obj
 0001:00027090       ?KeyValue@CPushable@@UAEXPAUKeyValueData_s@@@Z 10028090 f   func_break.obj
 0001:00027250       ?MaterialSoundList@CBreakable@@SAPAPBDW4Materials@@AAH@Z 10028250 f   func_break.obj
 0001:000272f0       ?MaterialSoundPrecache@CBreakable@@SAXW4Materials@@@Z 100282f0 f   func_break.obj
 0001:00027340       ?MaterialSoundRandom@CBreakable@@SAXPAUedict_s@@W4Materials@@M@Z 10028340 f   func_break.obj
 0001:000273a0       ?Move@CPushable@@QAEXPAVCBaseEntity@@H@Z 100283a0 f   func_break.obj
 0001:000275e0       ?ObjectCaps@CRecharge@@UAEHXZ 100285e0 f i h_battery.obj
 0001:000275e0       ?ObjectCaps@CWallHealth@@UAEHXZ 100285e0 f i healthkit.obj
 0001:000275e0       ?ObjectCaps@CPushable@@UAEHXZ 100285e0 f i func_break.obj
 0001:000275f0       ?Precache@CBreakable@@UAEXXZ 100285f0 f   func_break.obj
 0001:00027780       ?Precache@CPushable@@UAEXXZ 10028780 f   func_break.obj
 0001:000277c0       ?Restart@CBreakable@@UAEXXZ 100287c0 f   func_break.obj
 0001:000278b0       ?Restore@CBreakable@@UAEHAAVCRestore@@@Z 100288b0 f   func_break.obj
 0001:000278f0       ?Restore@CPushable@@UAEHAAVCRestore@@@Z 100288f0 f   func_break.obj
 0001:00027930       ?Save@CBreakable@@UAEHAAVCSave@@@Z 10028930 f   func_break.obj
 0001:00027970       ?Save@CPushable@@UAEHAAVCSave@@@Z 10028970 f   func_break.obj
 0001:000279b0       ?Spawn@CBreakable@@UAEXXZ  100289b0 f   func_break.obj
 0001:00027a90       ?Spawn@CPushable@@UAEXXZ   10028a90 f   func_break.obj
 0001:00027bc0       ?TakeDamage@CBreakable@@UAEHPAUentvars_s@@0MH@Z 10028bc0 f   func_break.obj
 0001:00027e20       ?TakeDamage@CPushable@@UAEHPAUentvars_s@@0MH@Z 10028e20 f   func_break.obj
 0001:00027e60       ?Touch@CPushable@@UAEXPAVCBaseEntity@@@Z 10028e60 f   func_break.obj
 0001:00027ec0       ?TraceAttack@CBreakable@@UAEXPAUentvars_s@@MVVector@@PAUTraceResult@@H@Z 10028ec0 f   func_break.obj
 0001:00028000       ?Use@CBreakable@@UAEXPAVCBaseEntity@@0W4USE_TYPE@@M@Z 10029000 f   func_break.obj
 0001:00028080       ?Use@CPushable@@UAEXPAVCBaseEntity@@0W4USE_TYPE@@M@Z 10029080 f   func_break.obj
 0001:00028110       _func_breakable            10029110 f   func_break.obj
 0001:00028120       _func_pushable             10029120 f   func_break.obj
 0001:00028130       ??$GetClassPtr@VCFuncTankControls@@@@YAPAVCFuncTankControls@@PAV0@@Z 10029130 f i func_tank.obj
 0001:00028190       ??$GetClassPtr@VCFuncTankGun@@@@YAPAVCFuncTankGun@@PAV0@@Z 10029190 f i func_tank.obj
 0001:00028200       ??$GetClassPtr@VCFuncTankLaser@@@@YAPAVCFuncTankLaser@@PAV0@@Z 10029200 f i func_tank.obj
 0001:00028270       ??$GetClassPtr@VCFuncTankMortar@@@@YAPAVCFuncTankMortar@@PAV0@@Z 10029270 f i func_tank.obj
 0001:000282e0       ??$GetClassPtr@VCFuncTankRocket@@@@YAPAVCFuncTankRocket@@PAV0@@Z 100292e0 f i func_tank.obj
 0001:00028350       ??0CFuncTank@@QAE@XZ       10029350 f i func_tank.obj
 0001:000283c0       ?Activate@CFuncTankLaser@@UAEXXZ 100293c0 f   func_tank.obj
 0001:000283f0       ?AdjustAnglesForBarrel@CFuncTank@@QAEXAAVVector@@M@Z 100293f0 f   func_tank.obj
 0001:00028520       ?BarrelPosition@CFuncTank@@QAE?AVVector@@XZ 10029520 f i func_tank.obj
 0001:00028650       ?ControllerPostFrame@CFuncTank@@QAEXXZ 10029650 f   func_tank.obj
 0001:00028760       ?FindTarget@CFuncTank@@QAEPAUedict_s@@PAU2@@Z 10029760 f   func_tank.obj
 0001:00028770       ?Fire@CFuncTank@@UAEXABVVector@@0PAUentvars_s@@@Z 10029770 f   func_tank.obj
 0001:000289e0       ?Fire@CFuncTankGun@@UAEXABVVector@@0PAUentvars_s@@@Z 100299e0 f   func_tank.obj
 0001:00028b60       ?Fire@CFuncTankLaser@@UAEXABVVector@@0PAUentvars_s@@@Z 10029b60 f   func_tank.obj
 0001:00028cd0       ?Fire@CFuncTankMortar@@UAEXABVVector@@0PAUentvars_s@@@Z 10029cd0 f   func_tank.obj
 0001:00028db0       ?Fire@CFuncTankRocket@@UAEXABVVector@@0PAUentvars_s@@@Z 10029db0 f   func_tank.obj
 0001:00028e40       ?GetLaser@CFuncTankLaser@@QAEPAVCLaser@@XZ 10029e40 f   func_tank.obj
 0001:00028f20       ?InRange@CFuncTank@@QAEHM@Z 10029f20 f   func_tank.obj
 0001:00028f60       ?KeyValue@CFuncTank@@UAEXPAUKeyValueData_s@@@Z 10029f60 f   func_tank.obj
 0001:000293f0       ?KeyValue@CFuncTankLaser@@UAEXPAUKeyValueData_s@@@Z 1002a3f0 f   func_tank.obj
 0001:00029460       ?KeyValue@CFuncTankMortar@@UAEXPAUKeyValueData_s@@@Z 1002a460 f   func_tank.obj
 0001:000294d0       ?ObjectCaps@CFuncTankControls@@UAEHXZ 1002a4d0 f   func_tank.obj
 0001:000294e0       ?OnControls@CFuncTank@@UAEHPAUentvars_s@@@Z 1002a4e0 f   func_tank.obj
 0001:00029560       ?Precache@CFuncTank@@UAEXXZ 1002a560 f   func_tank.obj
 0001:000295d0       ?Precache@CFuncTankRocket@@UAEXXZ 1002a5d0 f   func_tank.obj
 0001:000295f0       ?Restore@CFuncTank@@UAEHAAVCRestore@@@Z 1002a5f0 f   func_tank.obj
 0001:00029630       ?Restore@CFuncTankControls@@UAEHAAVCRestore@@@Z 1002a630 f   func_tank.obj
 0001:00029670       ?Restore@CFuncTankLaser@@UAEHAAVCRestore@@@Z 1002a670 f   func_tank.obj
 0001:000296b0       ?Save@CFuncTank@@UAEHAAVCSave@@@Z 1002a6b0 f   func_tank.obj
 0001:000296f0       ?Save@CFuncTankControls@@UAEHAAVCSave@@@Z 1002a6f0 f   func_tank.obj
 0001:00029730       ?Save@CFuncTankLaser@@UAEHAAVCSave@@@Z 1002a730 f   func_tank.obj
 0001:00029770       ?Spawn@CFuncTank@@UAEXXZ   1002a770 f   func_tank.obj
 0001:00029860       ?Spawn@CFuncTankControls@@UAEXXZ 1002a860 f   func_tank.obj
 0001:00029900       ?StartControl@CFuncTank@@QAEHPAVCBasePlayer@@@Z 1002a900 f   func_tank.obj
 0001:000299d0       ?StartRotSound@CFuncTank@@QAEXXZ 1002a9d0 f   func_tank.obj
 0001:00029a40       ?StopControl@CFuncTank@@QAEXXZ 1002aa40 f   func_tank.obj
 0001:00029ac0       ?StopRotSound@CFuncTank@@QAEXXZ 1002aac0 f   func_tank.obj
 0001:00029b20       ?TankTrace@CFuncTank@@QAEXABVVector@@00AAUTraceResult@@@Z 1002ab20 f   func_tank.obj
 0001:00029ca0       ?Think@CFuncTank@@UAEXXZ   1002aca0 f   func_tank.obj
 0001:00029d10       ?Think@CFuncTankControls@@UAEXXZ 1002ad10 f   func_tank.obj
 0001:00029dd0       ?Think@CFuncTankLaser@@UAEXXZ 1002add0 f   func_tank.obj
 0001:00029e00       ?TrackTarget@CFuncTank@@QAEXXZ 1002ae00 f   func_tank.obj
 0001:0002a4d0       ?UpdateTargetPosition@CFuncTank@@UAE?AVVector@@PAVCBaseEntity@@@Z 1002b4d0 f i func_tank.obj
 0001:0002a500       ?Use@CFuncTank@@UAEXPAVCBaseEntity@@0W4USE_TYPE@@M@Z 1002b500 f   func_tank.obj
 0001:0002a600       ?Use@CFuncTankControls@@UAEXPAVCBaseEntity@@0W4USE_TYPE@@M@Z 1002b600 f   func_tank.obj
 0001:0002a630       _func_tank                 1002b630 f   func_tank.obj
 0001:0002a640       _func_tankcontrols         1002b640 f   func_tank.obj
 0001:0002a650       _func_tanklaser            1002b650 f   func_tank.obj
 0001:0002a660       _func_tankmortar           1002b660 f   func_tank.obj
 0001:0002a670       _func_tankrocket           1002b670 f   func_tank.obj
 0001:0002a680       ?GameDLLInit@@YAXXZ        1002b680 f   game.obj
 0001:0002aa60       ?CanHaveAmmo@CGameRules@@UAEHPAVCBasePlayer@@PBDH@Z 1002ba60 f   gamerules.obj
 0001:0002aaa0       ?CanHavePlayerItem@CGameRules@@UAEHPAVCBasePlayer@@PAVCBasePlayerItem@@@Z 1002baa0 f   gamerules.obj
 0001:0002ab10       ?GetPlayerSpawnSpot@CGameRules@@UAEPAUedict_s@@PAVCBasePlayer@@@Z 1002bb10 f   gamerules.obj
 0001:0002abf0       ?InstallGameRules@@YAPAVCGameRules@@XZ 1002bbf0 f   gamerules.obj
 0001:0002acb0       ?RefreshSkillData@CGameRules@@UAEXXZ 1002bcb0 f   gamerules.obj
 0001:0002ad30       ??$GetClassPtr@VCGrenade@@@@YAPAVCGrenade@@PAV0@@Z 1002bd30 f i ggrenade.obj
 0001:0002adc0       ??0CBaseMonster@@QAE@XZ    1002bdc0 f i ggrenade.obj
 0001:0002aec0       ?BounceSound@CGrenade@@UAEXXZ 1002bec0 f   ggrenade.obj
 0001:0002af90       ?BounceTouch@CGrenade@@QAEXPAVCBaseEntity@@@Z 1002bf90 f   ggrenade.obj
 0001:0002b210       ?C4Think@CGrenade@@QAEXXZ  1002c210 f   ggrenade.obj
 0001:0002b860       ?DangerSoundThink@CGrenade@@QAEXXZ 1002c860 f   ggrenade.obj
[...]
 0002:0002d5da       $N00205                    100c15da     mp.exp
 0002:0002d5e5       $N00206                    100c15e5     mp.exp
 0002:0002d5f6       $N00207                    100c15f6     mp.exp
 0002:0002d605       $N00208                    100c1605     mp.exp
 0002:0002d611       $N00209                    100c1611     mp.exp
 0002:0002d61e       $N00210                    100c161e     mp.exp
 0002:0002d62c       $N00211                    100c162c     mp.exp
 0002:0002d636       $N00212                    100c1636     mp.exp
 0002:0002d649       $N00213                    100c1649     mp.exp
 0002:0002d659       $N00214                    100c1659     mp.exp
 0002:0002d667       $N00215                    100c1667     mp.exp
 0002:0002d676       $N00216                    100c1676     mp.exp
 0002:0002d685       $N00217                    100c1685     mp.exp
 0002:0002d698       $N00218                    100c1698     mp.exp
 0002:0002d6ac       $N00219                    100c16ac     mp.exp
 0002:0002d6bd       $N00220                    100c16bd     mp.exp
 0002:0002d6c9       $N00221                    100c16c9     mp.exp
 0002:0002d6da       $N00222                    100c16da     mp.exp
 0002:0002d6ec       $N00223                    100c16ec     mp.exp
 0002:0002d6fa       $N00224                    100c16fa     mp.exp
 0002:0002d704       $N00225                    100c1704     mp.exp
 0002:0002d711       $N00226                    100c1711     mp.exp
 0002:0002d71f       $N00227                    100c171f     mp.exp
 0002:0002d729       $N00228                    100c1729     mp.exp
 0002:0002d737       $N00229                    100c1737     mp.exp
 0002:0002d747       $N00230                    100c1747     mp.exp
 0002:0002d755       $N00231                    100c1755     mp.exp
 0002:0002d75f       $N00232                    100c175f     mp.exp
 0002:0002d769       $N00233                    100c1769     mp.exp
 0002:0002d77b       $N00234                    100c177b     mp.exp
 0002:0002d78a       $N00235                    100c178a     mp.exp
 0002:0002d79a       $N00236                    100c179a     mp.exp
 0002:0002d7aa       $N00237                    100c17aa     mp.exp
 0002:0002d7bf       $N00238                    100c17bf     mp.exp
 0002:0002d7d0       $N00239                    100c17d0     mp.exp
 0002:0002d7e0       $N00240                    100c17e0     mp.exp
 0002:0002d7eb       $N00241                    100c17eb     mp.exp
 0002:0002d7fe       $N00242                    100c17fe     mp.exp
 0002:0002d80b       $N00243                    100c180b     mp.exp
 0002:0002d820       $N00244                    100c1820     mp.exp
 0002:0002d834       $N00245                    100c1834     mp.exp
 0002:0002d83e       $N00246                    100c183e     mp.exp
 0002:0002d84f       $N00247                    100c184f     mp.exp
 0002:0002d85a       $N00248                    100c185a     mp.exp
 0002:0002d86b       $N00249                    100c186b     mp.exp
 0002:0002d879       $N00250                    100c1879     mp.exp
 0002:0002d886       $N00251                    100c1886     mp.exp
 0002:0002d897       $N00252                    100c1897     mp.exp
 0002:0002d8a0       $N00253                    100c18a0     mp.exp
 0002:0002d8b2       $N00254                    100c18b2     mp.exp
 0002:0002d8c3       $N00255                    100c18c3     mp.exp
 0002:0002d8d4       $N00256                    100c18d4     mp.exp
 0002:0002d8df       $N00257                    100c18df     mp.exp
 0002:0002d8f0       $N00258                    100c18f0     mp.exp
 0002:0002d8fe       $N00259                    100c18fe     mp.exp
 0002:0002d908       $N00260                    100c1908     mp.exp
 0002:0002d919       $N00261                    100c1919     mp.exp
 0002:0002d924       $N00262                    100c1924     mp.exp
 0002:0002d92c       $N00263                    100c192c     mp.exp
 0002:0002d93b       $N00264                    100c193b     mp.exp
 0002:0002d94c       $N00265                    100c194c     mp.exp
 0002:0002d960       $N00266                    100c1960     mp.exp
 0002:0002d972       $N00267                    100c1972     mp.exp
 0002:0002d980       $N00268                    100c1980     mp.exp
 0002:0002d994       $N00269                    100c1994     mp.exp
 0002:0002d99e       $N00270                    100c199e     mp.exp
 0002:0002d9b5       $N00271                    100c19b5     mp.exp
 0002:0002d9c7       $N00272                    100c19c7     mp.exp
 0002:0002d9d3       $N00273                    100c19d3     mp.exp
 0002:0002d9ed       $N00274                    100c19ed     mp.exp
 0002:0002d9fc       $N00275                    100c19fc     mp.exp
 0002:0002da06       $N00276                    100c1a06     mp.exp
 0002:0002da13       $N00277                    100c1a13     mp.exp
 0002:0002da21       $N00278                    100c1a21     mp.exp
 0002:0002da32       $N00279                    100c1a32     mp.exp
 0002:0002da3f       $N00280                    100c1a3f     mp.exp
 0002:0002da4e       $N00281                    100c1a4e     mp.exp
 0002:0002da5a       $N00282                    100c1a5a     mp.exp
 0002:0002da68       $N00283                    100c1a68     mp.exp
 0002:0002da76       $N00284                    100c1a76     mp.exp
 0002:0002da83       $N00285                    100c1a83     mp.exp
 0002:0002da8d       $N00286                    100c1a8d     mp.exp
 0002:0002da9c       $N00287                    100c1a9c     mp.exp
 0002:0002daa2       $N00288                    100c1aa2     mp.exp
 0002:0002dab4       $N00289                    100c1ab4     mp.exp
 0002:0002dabf       $N00290                    100c1abf     mp.exp
 0002:0002dace       $N00291                    100c1ace     mp.exp
 0002:0002dae3       $N00292                    100c1ae3     mp.exp
 0002:0002daf8       $N00293                    100c1af8     mp.exp
 0002:0002db07       $N00294                    100c1b07     mp.exp
 0002:0002db19       $N00295                    100c1b19     mp.exp
 0002:0002db27       $N00296                    100c1b27     mp.exp
 0002:0002db33       $N00297                    100c1b33     mp.exp
 0002:0002db3f       $N00298                    100c1b3f     mp.exp
 0002:0002db4a       $N00299                    100c1b4a     mp.exp
 0002:0002db51       $N00300                    100c1b51     mp.exp
 0002:0002db62       $N00301                    100c1b62     mp.exp
 0002:0002db75       $N00302                    100c1b75     mp.exp
 0002:0002db7e       $N00303                    100c1b7e     mp.exp
 0002:0002db8b       $N00304                    100c1b8b     mp.exp
 0002:0002db93       $N00305                    100c1b93     mp.exp
 0002:0002dba2       $N00306                    100c1ba2     mp.exp
 0002:0002dbae       $N00307                    100c1bae     mp.exp
 0002:0002dbb6       $N00308                    100c1bb6     mp.exp
 0002:0002dbc3       $N00309                    100c1bc3     mp.exp
 0002:0002dbd4       $N00310                    100c1bd4     mp.exp
 0002:0002dbe3       $N00311                    100c1be3     mp.exp
 0002:0002dbf3       $N00312                    100c1bf3     mp.exp
 0002:0002dc07       $N00313                    100c1c07     mp.exp
 0002:0002dc1c       $N00314                    100c1c1c     mp.exp
 0002:0002dc2c       $N00315                    100c1c2c     mp.exp
 0002:0002dc3f       $N00316                    100c1c3f     mp.exp
 0002:0002dc4f       $N00317                    100c1c4f     mp.exp
 0002:0002dc5c       $N00318                    100c1c5c     mp.exp
 0002:0002dc70       $N00319                    100c1c70     mp.exp
 0002:0002dc81       $N00320                    100c1c81     mp.exp
 0002:0002dc8e       $N00321                    100c1c8e     mp.exp
 0002:0002dc9b       $N00322                    100c1c9b     mp.exp
 0002:0002dca9       $N00323                    100c1ca9     mp.exp
 0002:0002dcba       $N00324                    100c1cba     mp.exp
 0002:0002dccd       $N00325                    100c1ccd     mp.exp
 0002:0002dcd9       $N00326                    100c1cd9     mp.exp
 0002:0002dce4       $N00327                    100c1ce4     mp.exp
 0002:0002dcef       $N00328                    100c1cef     mp.exp
 0002:0002dcf9       $N00329                    100c1cf9     mp.exp
 0002:0002dd07       $N00330                    100c1d07     mp.exp
 0002:0002dd14       $N00331                    100c1d14     mp.exp
 0002:0002dd21       $N00332                    100c1d21     mp.exp
 0002:0002dd32       $N00333                    100c1d32     mp.exp
 0002:0002dd43       $N00334                    100c1d43     mp.exp
 0002:0002dd50       $N00335                    100c1d50     mp.exp
 0002:0002dd5d       $N00336                    100c1d5d     mp.exp
 0002:0002dd6c       $N00337                    100c1d6c     mp.exp
 0002:0002dd7d       $N00338                    100c1d7d     mp.exp
 0002:0002dd8a       $N00339                    100c1d8a     mp.exp
 0002:0002dd96       $N00340                    100c1d96     mp.exp
 0002:0002dda0       $N00341                    100c1da0     mp.exp
 0002:0002ddac       $N00342                    100c1dac     mp.exp
 0002:0002ddb9       $N00343                    100c1db9     mp.exp
 0002:0002ddc8       $N00344                    100c1dc8     mp.exp
 0002:0002ddd4       $N00345                    100c1dd4     mp.exp
 0002:0002dddf       $N00346                    100c1ddf     mp.exp
 0002:0002ddec       $N00347                    100c1dec     mp.exp
 0002:0002ddf9       $N00348                    100c1df9     mp.exp
 0002:0002de06       $N00349                    100c1e06     mp.exp
 0002:0002de14       $N00350                    100c1e14     mp.exp
 0002:0002de28       $N00351                    100c1e28     mp.exp
 0002:0002de33       $N00352                    100c1e33     mp.exp
 0002:0002de40       $N00353                    100c1e40     mp.exp
 0002:0002de4b       $N00354                    100c1e4b     mp.exp
 0002:0002de59       $N00355                    100c1e59     mp.exp
 0002:0002de63       $N00356                    100c1e63     mp.exp
 0002:0002de6f       $N00357                    100c1e6f     mp.exp
 0002:0002e000       .idata$6                   100c2000     kernel32:KERNEL32.dll
 0003:00000028       _PM_boxpnt                 100c3028     pm_debug.obj
 0003:00000090       ?current_table@?4??PM_CheckWater@@9@9 100c3090     pm_shared.obj
 0003:000006e8       ?gFunctionTable@@3UDLL_FUNCTIONS@@A 100c36e8     cbase.obj
 0003:000007b0       ?gNewDLLFunctions@@3UNEW_DLL_FUNCTIONS@@A 100c37b0     cbase.obj
 0003:000007f8       ?entity_field_alias@@3PAUentity_field_alias_t@@A 100c37f8     client.obj
 0003:000008d0       ?player_field_alias@@3PAUentity_field_alias_t@@A 100c38d0     client.obj
 0003:00001020       ?gTankSpread@@3PAVVector@@A 100c4020     func_tank.obj
 0003:00002960       ?iEnemy@?1??IRelationship@CBaseMonster@@UAEHPAVCBaseEntity@@@Z@4PAY0O@HA 100c5960     mpstubb.obj
 0003:00002cd8       ?first@?1??GetCurTime@CPerformanceCounter@@QAEMXZ@4HA 100c5cd8     perf_counter.obj
 0003:00005340       ?gSizes@@3PAHA             100c8340     util.obj
 0003:000056c0       ?estates@?1??DumpGlobals@CGlobalState@@QAEXXZ@4PAPADA 100c86c0     world.obj
 0003:00005700       ?__vcrt_flsindex@@3KA      100c8700     libvcruntime:per_thread_data.obj
 0003:00005724       _errno_no_memory           100c8724     libucrt:errno.obj
 0003:00005728       _doserrno_no_memory        100c8728     libucrt:errno.obj
 0003:0000572c       ___acrt_flsindex           100c872c     libucrt:per_thread_data.obj
 0003:000058a0       ___rgctypeflag             100c88a0     libucrt:mbctype.obj
 0003:000058a8       ___rgcode_page_info        100c88a8     libucrt:mbctype.obj
 0003:000076f0       _pm_shared_initialized     100ca6f0     pm_shared.obj
 0003:000076f4       _gcTextures                100ca6f4     pm_shared.obj
 0003:000076f8       _rgv3tStuckTable           100ca6f8     pm_shared.obj
 0003:00007980       _rgStuckLast               100ca980     pm_shared.obj
 0003:00007a80       _grgszTextureName          100caa80     pm_shared.obj
 0003:0000be80       _grgchTextureType          100cee80     pm_shared.obj
 0003:0000c280       ?bTextureTypeInit@?1??PM_InitTextureTypes@@9@9 100cf280     pm_shared.obj
 0003:0000c284       ?iSkipStep@?1??PM_PlayStepSound@@9@9 100cf284     pm_shared.obj
 0003:0000c288       ?rgStuckCheckTime@?1??PM_CheckStuck@@9@9 100cf288     pm_shared.obj
 0003:0000c3a8       ?pos@?1??SV_StudioSetupBones@@YAXPAUmodel_s@@MHQBM1PBE2HPBUedict_s@@@Z@4PAY02MA 100cf3a8     animation.obj
 0003:0000c9a8       ?pos2@?1??SV_StudioSetupBones@@YAXPAUmodel_s@@MHQBM1PBE2HPBUedict_s@@@Z@4PAY02MA 100cf9a8     animation.obj
 0003:0000cfa8       ?pos3@?1??SV_StudioSetupBones@@YAXPAUmodel_s@@MHQBM1PBE2HPBUedict_s@@@Z@4PAY02MA 100cffa8     animation.obj
 0003:0000d5a8       ?pos4@?1??SV_StudioSetupBones@@YAXPAUmodel_s@@MHQBM1PBE2HPBUedict_s@@@Z@4PAY02MA 100d05a8     animation.obj
 0003:0000dba8       ?q@?1??SV_StudioSetupBones@@YAXPAUmodel_s@@MHQBM1PBE2HPBUedict_s@@@Z@4PAY03MA 100d0ba8     animation.obj
 0003:0000e3a8       ?q2@?1??SV_StudioSetupBones@@YAXPAUmodel_s@@MHQBM1PBE2HPBUedict_s@@@Z@4PAY03MA 100d13a8     animation.obj
 0003:0000eba8       ?q3@?1??SV_StudioSetupBones@@YAXPAUmodel_s@@MHQBM1PBE2HPBUedict_s@@@Z@4PAY03MA 100d1ba8     animation.obj
 0003:0000f3a8       ?q4@?1??SV_StudioSetupBones@@YAXPAUmodel_s@@MHQBM1PBE2HPBUedict_s@@@Z@4PAY03MA 100d23a8     animation.obj
 0003:0000fc20       ?szStr@?1??CONSOLE_ECHO@@YAXPADZZ@4PADA 100d2c20     cbase.obj
 0003:0003bf34       ?g_serveractive@@3HA       100fef34     client.obj
 0003:0003bf38       ?sName@?1??ClientPutInServer@@YAXPAUedict_s@@@Z@4PADA 100fef38     client.obj
 0003:0003bfb8       ?skill@?1??StartFrame@@YAXXZ@4PAUcvar_s@@A 100fefb8     client.obj
 0003:0003bfbc       ?initialized@?1??Entity_Encode@@YAXPAUdelta_s@@PBE1@Z@4HA 100fefbc     client.obj
 0003:0003bfc0       ?initialized@?1??Player_Encode@@YAXPAUdelta_s@@PBE1@Z@4HA 100fefc0     client.obj
 0003:0003bfc4       ?initialized@?1??Custom_Encode@@YAXPAUdelta_s@@PBE1@Z@4HA 100fefc4     client.obj
 0003:0003bfc8       ?tracerCount@?1??FireBullets@CBaseEntity@@QAEXKVVector@@00MHHHPAUentvars_s@@@Z@4HA 100fefc8     combat.obj
 0003:0003c17c       ?sv_stepsize@?1??Think@CLocalNav@@SAXXZ@4PAUcvar_s@@A 100ff17c     hostage_localnav.obj
 0003:0003c420       ?i@?4??Hooked_PrecacheSound@@YAHPAD@Z@4HA 100ff420     h_export.obj
 0003:0003c428       ?string@?1??va@@YAPADPADZZ@4PADA 100ff428     h_export.obj
 0003:0003c848       ?mp_com_token@@3PADA       100ff848     multiplay_gamerules.obj
 0003:0003ce24       ?installedCommands@?1???0CHalfLifeMultiplay@@QAE@XZ@4_NA 100ffe24     multiplay_gamerules.obj
 0003:0003ce28       ?mp_flashlight@?1??FAllowFlashlight@CHalfLifeMultiplay@@UAEHXZ@4PAUcvar_s@@A 100ffe28     multiplay_gamerules.obj
 0003:0003ce2c       ?mapcycle@?1??GetMapCount@@YAHXZ@4Umapcycle_s@@A 100ffe2c     multiplay_gamerules.obj
 0003:0003ce34       ?mapcycle@?1??DisplayMaps@CHalfLifeMultiplay@@QAEXPAVCBasePlayer@@H@Z@4Umapcycle_s@@A 100ffe34     multiplay_gamerules.obj
 0003:0003ce40       ?szPreviousMapCycleFile@?1??ChangeLevel@CHalfLifeMultiplay@@UAEXXZ@4PADA 100ffe40     multiplay_gamerules.obj
 0003:0003cf40       ?mapcycle@?1??ChangeLevel@CHalfLifeMultiplay@@UAEXXZ@4Umapcycle_s@@A 100fff40     multiplay_gamerules.obj
 0003:0003cf48       ?sametimecount@?1??GetCurTime@CPerformanceCounter@@QAEMXZ@4HA 100fff48     perf_counter.obj
 0003:0003cf4c       ?oldtime@?1??GetCurTime@CPerformanceCounter@@QAEMXZ@4IA 100fff4c     perf_counter.obj
 0003:0003d2c0       ?string@?1??NumAsString@@YAPADH@Z@4PAY0BA@DA 101002c0     player.obj
 0003:0003d300       ?curstring@?1??NumAsString@@YAPADH@Z@4HA 10100300     player.obj
 0003:0004a514       ?pGoal@?4??SpectatorImpulseCommand@CBaseSpectator@@AAEXXZ@4PAUedict_s@@A 1010d514     spectator.obj
 0003:0004a518       ?st_szNextMap@@3PADA       1010d518     triggers.obj
 0003:0004a538       ?st_szNextSpot@@3PADA      1010d538     triggers.obj
 0003:0004a560       ?glSeed@@3IA               1010d560     util.obj
 0003:0004a564       ?buf@?1??UTIL_dtos1@@YAPADH@Z@4PADA 1010d564     util.obj
 0003:0004a56c       ?buf@?1??UTIL_dtos2@@YAPADH@Z@4PADA 1010d56c     util.obj
 0003:0004a578       ?string@?1??UTIL_VarArgs@@YAPADPADZZ@4PADA 1010d578     util.obj
 0003:0004a978       ?string@?1??UTIL_LogPrintf@@YAXPADZZ@4PADA 1010d978     util.obj
 0003:0004b460       ?module_local_atexit_table@@3U_onexit_table_t@@A 1010e460     LIBCMT:utility.obj
 0003:0004b46c       ?module_local_at_quick_exit_table@@3U_onexit_table_t@@A 1010e46c     LIBCMT:utility.obj
 0003:0004b478       ?module_local_atexit_table_initialized@@3_NA 1010e478     LIBCMT:utility.obj
 0003:0004b479       ?is_initialized_as_dll@@3_NA 1010e479     LIBCMT:utility.obj
 0003:0004b47c       ?__proc_attached@@3HA      1010e47c     LIBCMT:dll_dllmain.obj
 0003:0004b498       _GS_ExceptionRecord        1010e498     LIBCMT:gs_report.obj
 0003:0004b4e8       _GS_ContextRecord          1010e4e8     LIBCMT:gs_report.obj
 0003:0004b7b4       ?__vcrt_startup_thread_ptd@@3U__vcrt_ptd@@A 1010e7b4     libvcruntime:per_thread_data.obj
 0003:0004b7e0       ___vcrt_lock_table         1010e7e0     libvcruntime:locks.obj
 0003:0004b7f8       ___vcrt_locks_initialized  1010e7f8     libvcruntime:locks.obj
 0003:0004b7fc       ?module_handles@@3PAPAUHINSTANCE__@@A 1010e7fc     libvcruntime:winapi_downlevel.obj
 0003:0004b808       ?encoded_function_pointers@@3PAPAXA 1010e808     libvcruntime:winapi_downlevel.obj
 0003:0004b844       ?heap@@3V_HeapManager@@A   1010e844     libvcruntime:undname.obj
 0003:0004b85c       _c_termination_complete    1010e85c     libucrt:exit.obj
 0003:0004b860       _thread_local_exit_callback_func 1010e860     libucrt:exit.obj
 0003:0004b864       ?c_exit_complete@?5??common_exit@@YAXHW4_crt_exit_cleanup_mode@@W4_crt_exit_return_mode@@@Z@4_NA 1010e864     libucrt:exit.obj
 0003:0004b868       ?program_name@?5???$common_configure_argv@D@@YAHW4_crt_argv_mode@@@Z@4PADA 1010e868     libucrt:argv_parsing.obj
 0003:0004b998       ___acrt_new_handler        1010e998     libucrt:new_handler.obj
 0003:0004b99c       ___acrt_invalid_parameter_handler 1010e99c     libucrt:invalid_parameter.obj
 0003:0004b9a8       _enable_percent_n          1010e9a8     libucrt:printf_count_output.obj
 0003:0004bbc4       __pmatherr_set             1010ebc4     libucrt:libm_error.obj
 0003:0004bbc8       ___acrt_lock_table         1010ebc8     libucrt:locks.obj
 0003:0004bd00       ___acrt_locks_initialized  1010ed00     libucrt:locks.obj
 0003:0004bd08       _module_handles            1010ed08     libucrt:winapi_thunks.obj
 0003:0004bd58       _encoded_function_pointers 1010ed58     libucrt:winapi_thunks.obj
 0003:0004bdd8       ?state_cache@?1??__acrt_is_packaged_app@@9@4JA 1010edd8     libucrt:winapi_thunks.obj
 0003:0004bdf4       _fSystemSet                1010edf4     libucrt:mbctype.obj
 0003:0004bdf8       ?initialized@?1??__acrt_initialize_multibyte@@9@4_NA 1010edf8     libucrt:mbctype.obj
 0003:0004be18       _ctrlc_action              1010ee18     libucrt:signal.obj
 0003:0004be1c       _ctrlbreak_action          1010ee1c     libucrt:signal.obj
 0003:0004be20       _abort_action              1010ee20     libucrt:signal.obj
 0003:0004be24       _term_action               1010ee24     libucrt:signal.obj
 0003:0004be28       _user_matherr              1010ee28     libucrt:matherr.obj
 0003:0004be2c       ___acrt_global_new_mode    1010ee2c     libucrt:new_mode.obj
 0003:0004be3c       ___acrt_app_type           1010ee3c     libucrt:report_runtime_error.obj
 0004:00000060       $R000000                   1010f060     * linker generated manifest res *
